Archive member included to satisfy reference by file (symbol)

d:/programs/stm32/stm32cubeide_1.7.0/stm32cubeide/plugins/com.st.stm32cube.ide.mcu.externaltools.gnu-tools-for-stm32.9-2020-q2-update.win32_2.0.0.202105311346/tools/bin/../lib/gcc/arm-none-eabi/9.3.1/../../../../arm-none-eabi/lib/thumb/v7-m/nofp\libc_nano.a(lib_a-errno.o)
                              ./Core/Src/syscalls.o (__errno)
d:/programs/stm32/stm32cubeide_1.7.0/stm32cubeide/plugins/com.st.stm32cube.ide.mcu.externaltools.gnu-tools-for-stm32.9-2020-q2-update.win32_2.0.0.202105311346/tools/bin/../lib/gcc/arm-none-eabi/9.3.1/../../../../arm-none-eabi/lib/thumb/v7-m/nofp\libc_nano.a(lib_a-exit.o)
                              d:/programs/stm32/stm32cubeide_1.7.0/stm32cubeide/plugins/com.st.stm32cube.ide.mcu.externaltools.gnu-tools-for-stm32.9-2020-q2-update.win32_2.0.0.202105311346/tools/bin/../lib/gcc/arm-none-eabi/9.3.1/../../../../arm-none-eabi/lib/thumb/v7-m/nofp/crt0.o (exit)
d:/programs/stm32/stm32cubeide_1.7.0/stm32cubeide/plugins/com.st.stm32cube.ide.mcu.externaltools.gnu-tools-for-stm32.9-2020-q2-update.win32_2.0.0.202105311346/tools/bin/../lib/gcc/arm-none-eabi/9.3.1/../../../../arm-none-eabi/lib/thumb/v7-m/nofp\libc_nano.a(lib_a-impure.o)
                              d:/programs/stm32/stm32cubeide_1.7.0/stm32cubeide/plugins/com.st.stm32cube.ide.mcu.externaltools.gnu-tools-for-stm32.9-2020-q2-update.win32_2.0.0.202105311346/tools/bin/../lib/gcc/arm-none-eabi/9.3.1/../../../../arm-none-eabi/lib/thumb/v7-m/nofp\libc_nano.a(lib_a-exit.o) (_global_impure_ptr)
d:/programs/stm32/stm32cubeide_1.7.0/stm32cubeide/plugins/com.st.stm32cube.ide.mcu.externaltools.gnu-tools-for-stm32.9-2020-q2-update.win32_2.0.0.202105311346/tools/bin/../lib/gcc/arm-none-eabi/9.3.1/../../../../arm-none-eabi/lib/thumb/v7-m/nofp\libc_nano.a(lib_a-init.o)
                              d:/programs/stm32/stm32cubeide_1.7.0/stm32cubeide/plugins/com.st.stm32cube.ide.mcu.externaltools.gnu-tools-for-stm32.9-2020-q2-update.win32_2.0.0.202105311346/tools/bin/../lib/gcc/arm-none-eabi/9.3.1/../../../../arm-none-eabi/lib/thumb/v7-m/nofp/crt0.o (__libc_init_array)
d:/programs/stm32/stm32cubeide_1.7.0/stm32cubeide/plugins/com.st.stm32cube.ide.mcu.externaltools.gnu-tools-for-stm32.9-2020-q2-update.win32_2.0.0.202105311346/tools/bin/../lib/gcc/arm-none-eabi/9.3.1/../../../../arm-none-eabi/lib/thumb/v7-m/nofp\libc_nano.a(lib_a-memset.o)
                              d:/programs/stm32/stm32cubeide_1.7.0/stm32cubeide/plugins/com.st.stm32cube.ide.mcu.externaltools.gnu-tools-for-stm32.9-2020-q2-update.win32_2.0.0.202105311346/tools/bin/../lib/gcc/arm-none-eabi/9.3.1/../../../../arm-none-eabi/lib/thumb/v7-m/nofp/crt0.o (memset)
d:/programs/stm32/stm32cubeide_1.7.0/stm32cubeide/plugins/com.st.stm32cube.ide.mcu.externaltools.gnu-tools-for-stm32.9-2020-q2-update.win32_2.0.0.202105311346/tools/bin/../lib/gcc/arm-none-eabi/9.3.1/../../../../arm-none-eabi/lib/thumb/v7-m/nofp\libc_nano.a(lib_a-sprintf.o)
                              ./Core/Src/fsm_clock.o (sprintf)
d:/programs/stm32/stm32cubeide_1.7.0/stm32cubeide/plugins/com.st.stm32cube.ide.mcu.externaltools.gnu-tools-for-stm32.9-2020-q2-update.win32_2.0.0.202105311346/tools/bin/../lib/gcc/arm-none-eabi/9.3.1/../../../../arm-none-eabi/lib/thumb/v7-m/nofp\libc_nano.a(lib_a-strlen.o)
                              ./Core/Src/lcd1602.o (strlen)
d:/programs/stm32/stm32cubeide_1.7.0/stm32cubeide/plugins/com.st.stm32cube.ide.mcu.externaltools.gnu-tools-for-stm32.9-2020-q2-update.win32_2.0.0.202105311346/tools/bin/../lib/gcc/arm-none-eabi/9.3.1/../../../../arm-none-eabi/lib/thumb/v7-m/nofp\libc_nano.a(lib_a-nano-svfprintf.o)
                              d:/programs/stm32/stm32cubeide_1.7.0/stm32cubeide/plugins/com.st.stm32cube.ide.mcu.externaltools.gnu-tools-for-stm32.9-2020-q2-update.win32_2.0.0.202105311346/tools/bin/../lib/gcc/arm-none-eabi/9.3.1/../../../../arm-none-eabi/lib/thumb/v7-m/nofp\libc_nano.a(lib_a-sprintf.o) (_svfprintf_r)
d:/programs/stm32/stm32cubeide_1.7.0/stm32cubeide/plugins/com.st.stm32cube.ide.mcu.externaltools.gnu-tools-for-stm32.9-2020-q2-update.win32_2.0.0.202105311346/tools/bin/../lib/gcc/arm-none-eabi/9.3.1/../../../../arm-none-eabi/lib/thumb/v7-m/nofp\libc_nano.a(lib_a-nano-vfprintf_i.o)
                              d:/programs/stm32/stm32cubeide_1.7.0/stm32cubeide/plugins/com.st.stm32cube.ide.mcu.externaltools.gnu-tools-for-stm32.9-2020-q2-update.win32_2.0.0.202105311346/tools/bin/../lib/gcc/arm-none-eabi/9.3.1/../../../../arm-none-eabi/lib/thumb/v7-m/nofp\libc_nano.a(lib_a-nano-svfprintf.o) (_printf_i)
d:/programs/stm32/stm32cubeide_1.7.0/stm32cubeide/plugins/com.st.stm32cube.ide.mcu.externaltools.gnu-tools-for-stm32.9-2020-q2-update.win32_2.0.0.202105311346/tools/bin/../lib/gcc/arm-none-eabi/9.3.1/../../../../arm-none-eabi/lib/thumb/v7-m/nofp\libc_nano.a(lib_a-memchr-stub.o)
[...]
Memory Configuration

Name             Origin             Length             Attributes
RAM              0x0000000020000000 0x0000000000005000 xrw
FLASH            0x0000000008000000 0x0000000000020000 xr
*default*        0x0000000000000000 0xffffffffffffffff

Linker script and memory map

LOAD d:/programs/stm32/stm32cubeide_1.7.0/stm32cubeide/plugins/com.st.stm32cube.ide.mcu.externaltools.gnu-tools-for-stm32.9-2020-q2-update.win32_2.0.0.202105311346/tools/bin/../lib/gcc/arm-none-eabi/9.3.1/thumb/v7-m/nofp/crti.o
LOAD d:/programs/stm32/stm32cubeide_1.7.0/stm32cubeide/plugins/com.st.stm32cube.ide.mcu.externaltools.gnu-tools-for-stm32.9-2020-q2-update.win32_2.0.0.202105311346/tools/bin/../lib/gcc/arm-none-eabi/9.3.1/thumb/v7-m/nofp/crtbegin.o
LOAD d:/programs/stm32/stm32cubeide_1.7.0/stm32cubeide/plugins/com.st.stm32cube.ide.mcu.externaltools.gnu-tools-for-stm32.9-2020-q2-update.win32_2.0.0.202105311346/tools/bin/../lib/gcc/arm-none-eabi/9.3.1/../../../../arm-none-eabi/lib/thumb/v7-m/nofp/crt0.o
LOAD ./Core/Src/button.o
LOAD ./Core/Src/fsm_clock.o
LOAD ./Core/Src/global.o
LOAD ./Core/Src/lcd1602.o
LOAD ./Core/Src/main.o
LOAD ./Core/Src/rtc.o
LOAD ./Core/Src/software_timer.o
LOAD ./Core/Src/stm32f1xx_hal_msp.o
LOAD ./Core/Src/stm32f1xx_it.o
LOAD ./Core/Src/syscalls.o
LOAD ./Core/Src/sysmem.o
LOAD ./Core/Src/system_stm32f1xx.o
LOAD ./Core/Startup/startup_stm32f103rbtx.o
LOAD ./Drivers/STM32F1xx_HAL_Driver/Src/stm32f1xx_hal.o
LOAD ./Drivers/STM32F1xx_HAL_Driver/Src/stm32f1xx_hal_cortex.o
LOAD ./Drivers/STM32F1xx_HAL_Driver/Src/stm32f1xx_hal_dma.o
LOAD ./Drivers/STM32F1xx_HAL_Driver/Src/stm32f1xx_hal_exti.o
LOAD ./Drivers/STM32F1xx_HAL_Driver/Src/stm32f1xx_hal_flash.o
LOAD ./Drivers/STM32F1xx_HAL_Driver/Src/stm32f1xx_hal_flash_ex.o
LOAD ./Drivers/STM32F1xx_HAL_Driver/Src/stm32f1xx_hal_gpio.o
LOAD ./Drivers/STM32F1xx_HAL_Driver/Src/stm32f1xx_hal_gpio_ex.o
LOAD ./Drivers/STM32F1xx_HAL_Driver/Src/stm32f1xx_hal_pwr.o
LOAD ./Drivers/STM32F1xx_HAL_Driver/Src/stm32f1xx_hal_rcc.o
LOAD ./Drivers/STM32F1xx_HAL_Driver/Src/stm32f1xx_hal_rcc_ex.o
LOAD ./Drivers/STM32F1xx_HAL_Driver/Src/stm32f1xx_hal_rtc.o
LOAD ./Drivers/STM32F1xx_HAL_Driver/Src/stm32f1xx_hal_rtc_ex.o
LOAD ./Drivers/STM32F1xx_HAL_Driver/Src/stm32f1xx_hal_tim.o
LOAD ./Drivers/STM32F1xx_HAL_Driver/Src/stm32f1xx_hal_tim_ex.o
START GROUP
LOAD d:/programs/stm32/stm32cubeide_1.7.0/stm32cubeide/plugins/com.st.stm32cube.ide.mcu.externaltools.gnu-tools-for-stm32.9-2020-q2-update.win32_2.0.0.202105311346/tools/bin/../lib/gcc/arm-none-eabi/9.3.1/../../../../arm-none-eabi/lib/thumb/v7-m/nofp\libc_nano.a
LOAD d:/programs/stm32/stm32cubeide_1.7.0/stm32cubeide/plugins/com.st.stm32cube.ide.mcu.externaltools.gnu-tools-for-stm32.9-2020-q2-update.win32_2.0.0.202105311346/tools/bin/../lib/gcc/arm-none-eabi/9.3.1/../../../../arm-none-eabi/lib/thumb/v7-m/nofp\libm.a
END GROUP
START GROUP
LOAD d:/programs/stm32/stm32cubeide_1.7.0/stm32cubeide/plugins/com.st.stm32cube.ide.mcu.externaltools.gnu-tools-for-stm32.9-2020-q2-update.win32_2.0.0.202105311346/tools/bin/../lib/gcc/arm-none-eabi/9.3.1/thumb/v7-m/nofp\libgcc.a
LOAD d:/programs/stm32/stm32cubeide_1.7.0/stm32cubeide/plugins/com.st.stm32cube.ide.mcu.externaltools.gnu-tools-for-stm32.9-2020-q2-update.win32_2.0.0.202105311346/tools/bin/../lib/gcc/arm-none-eabi/9.3.1/../../../../arm-none-eabi/lib/thumb/v7-m/nofp\libc_nano.a
END GROUP
START GROUP
LOAD d:/programs/stm32/stm32cubeide_1.7.0/stm32cubeide/plugins/com.st.stm32cube.ide.mcu.externaltools.gnu-tools-for-stm32.9-2020-q2-update.win32_2.0.0.202105311346/tools/bin/../lib/gcc/arm-none-eabi/9.3.1/thumb/v7-m/nofp\libgcc.a
LOAD d:/programs/stm32/stm32cubeide_1.7.0/stm32cubeide/plugins/com.st.stm32cube.ide.mcu.externaltools.gnu-tools-for-stm32.9-2020-q2-update.win32_2.0.0.202105311346/tools/bin/../lib/gcc/arm-none-eabi/9.3.1/../../../../arm-none-eabi/lib/thumb/v7-m/nofp\libc_nano.a
LOAD d:/programs/stm32/stm32cubeide_1.7.0/stm32cubeide/plugins/com.st.stm32cube.ide.mcu.externaltools.gnu-tools-for-stm32.9-2020-q2-update.win32_2.0.0.202105311346/tools/bin/../lib/gcc/arm-none-eabi/9.3.1/../../../../arm-none-eabi/lib/thumb/v7-m/nofp\libnosys.a
END GROUP
START GROUP
LOAD d:/programs/stm32/stm32cubeide_1.7.0/stm32cubeide/plugins/com.st.stm32cube.ide.mcu.externaltools.gnu-tools-for-stm32.9-2020-q2-update.win32_2.0.0.202105311346/tools/bin/../lib/gcc/arm-none-eabi/9.3.1/thumb/v7-m/nofp\libgcc.a
LOAD d:/programs/stm32/stm32cubeide_1.7.0/stm32cubeide/plugins/com.st.stm32cube.ide.mcu.externaltools.gnu-tools-for-stm32.9-2020-q2-update.win32_2.0.0.202105311346/tools/bin/../lib/gcc/arm-none-eabi/9.3.1/../../../../arm-none-eabi/lib/thumb/v7-m/nofp\libc_nano.a
LOAD d:/programs/stm32/stm32cubeide_1.7.0/stm32cubeide/plugins/com.st.stm32cube.ide.mcu.externaltools.gnu-tools-for-stm32.9-2020-q2-update.win32_2.0.0.202105311346/tools/bin/../lib/gcc/arm-none-eabi/9.3.1/../../../../arm-none-eabi/lib/thumb/v7-m/nofp\libnosys.a
END GROUP
LOAD d:/programs/stm32/stm32cubeide_1.7.0/stm32cubeide/plugins/com.st.stm32cube.ide.mcu.externaltools.gnu-tools-for-stm32.9-2020-q2-update.win32_2.0.0.202105311346/tools/bin/../lib/gcc/arm-none-eabi/9.3.1/thumb/v7-m/nofp/crtend.o
LOAD d:/programs/stm32/stm32cubeide_1.7.0/stm32cubeide/plugins/com.st.stm32cube.ide.mcu.externaltools.gnu-tools-for-stm32.9-2020-q2-update.win32_2.0.0.202105311346/tools/bin/../lib/gcc/arm-none-eabi/9.3.1/thumb/v7-m/nofp/crtn.o
                0x0000000020005000                _estack = (ORIGIN (RAM) + LENGTH (RAM))
                0x0000000000000200                _Min_Heap_Size = 0x200
                0x0000000000000400                _Min_Stack_Size = 0x400

.isr_vector     0x0000000008000000      0x10c
                0x0000000008000000                . = ALIGN (0x4)
 *(.isr_vector)
 .isr_vector    0x0000000008000000      0x10c ./Core/Startup/startup_stm32f103rbtx.o
                0x0000000008000000                g_pfnVectors
                0x000000000800010c                . = ALIGN (0x4)

.text           0x0000000008000110     0x5674
                0x0000000008000110                . = ALIGN (0x4)
 *(.text)
 .text          0x0000000008000110       0x40 d:/programs/stm32/stm32cubeide_1.7.0/stm32cubeide/plugins/com.st.stm32cube.ide.mcu.externaltools.gnu-tools-for-stm32.9-2020-q2-update.win32_2.0.0.202105311346/tools/bin/../lib/gcc/arm-none-eabi/9.3.1/thumb/v7-m/nofp/crtbegin.o
 .text          0x0000000008000150       0x10 d:/programs/stm32/stm32cubeide_1.7.0/stm32cubeide/plugins/com.st.stm32cube.ide.mcu.externaltools.gnu-tools-for-stm32.9-2020-q2-update.win32_2.0.0.202105311346/tools/bin/../lib/gcc/arm-none-eabi/9.3.1/../../../../arm-none-eabi/lib/thumb/v7-m/nofp\libc_nano.a(lib_a-strlen.o)
                0x0000000008000150                strlen
 .text          0x0000000008000160      0x378 d:/programs/stm32/stm32cubeide_1.7.0/stm32cubeide/plugins/com.st.stm32cube.ide.mcu.externaltools.gnu-tools-for-stm32.9-2020-q2-update.win32_2.0.0.202105311346/tools/bin/../lib/gcc/arm-none-eabi/9.3.1/thumb/v7-m/nofp\libgcc.a(_arm_addsubdf3.o)
                0x0000000008000160                __aeabi_drsub
                0x0000000008000168                __aeabi_dsub
                0x0000000008000168                __subdf3
                0x000000000800016c                __aeabi_dadd
                0x000000000800016c                __adddf3
                0x00000000080003e4                __floatunsidf
                0x00000000080003e4                __aeabi_ui2d
                0x0000000008000404                __floatsidf
                0x0000000008000404                __aeabi_i2d
                0x0000000008000428                __aeabi_f2d
                0x0000000008000428                __extendsfdf2
                0x000000000800046c                __floatundidf
                0x000000000800046c                __aeabi_ul2d
                0x000000000800047c                __floatdidf
                0x000000000800047c                __aeabi_l2d
 .text          0x00000000080004d8      0x424 d:/programs/stm32/stm32cubeide_1.7.0/stm32cubeide/plugins/com.st.stm32cube.ide.mcu.externaltools.gnu-tools-for-stm32.9-2020-q2-update.win32_2.0.0.202105311346/tools/bin/../lib/gcc/arm-none-eabi/9.3.1/thumb/v7-m/nofp\libgcc.a(_arm_muldivdf3.o)
                0x00000000080004d8                __aeabi_dmul
                0x00000000080004d8                __muldf3
                0x000000000800072c                __divdf3
                0x000000000800072c                __aeabi_ddiv
 .text          0x00000000080008fc       0x50 d:/programs/stm32/stm32cubeide_1.7.0/stm32cubeide/plugins/com.st.stm32cube.ide.mcu.externaltools.gnu-tools-for-stm32.9-2020-q2-update.win32_2.0.0.202105311346/tools/bin/../lib/gcc/arm-none-eabi/9.3.1/thumb/v7-m/nofp\libgcc.a(_arm_fixdfsi.o)
                0x00000000080008fc                __aeabi_d2iz
                0x00000000080008fc                __fixdfsi
 *(.text*)
 .text.isButtonPressed
                0x000000000800094c       0x34 ./Core/Src/button.o
                0x000000000800094c                isButtonPressed
 .text.subKeyProcess
                0x0000000008000980       0x20 ./Core/Src/button.o
                0x0000000008000980                subKeyProcess
 .text.getKeyInput
                0x00000000080009a0      0x1f4 ./Core/Src/button.o
                0x00000000080009a0                getKeyInput
 .text.clear_display
                0x0000000008000b94       0x34 ./Core/Src/fsm_clock.o
                0x0000000008000b94                clear_display
 .text.display_fsm_time
                0x0000000008000bc8       0x5c ./Core/Src/fsm_clock.o
                0x0000000008000bc8                display_fsm_time
 .text.fsm_init
                0x0000000008000c24       0x90 ./Core/Src/fsm_clock.o
                0x0000000008000c24                fsm_init
 .text.update_real_time
                0x0000000008000cb4       0x24 ./Core/Src/fsm_clock.o
                0x0000000008000cb4                update_real_time
 .text.fsm_clock
                0x0000000008000cd8      0x1f0 ./Core/Src/fsm_clock.o
                0x0000000008000cd8                fsm_clock
 .text.fsm_sport_clock
                0x0000000008000ec8      0x3a4 ./Core/Src/fsm_clock.o
                0x0000000008000ec8                fsm_sport_clock
 .text.fsm_alarm_clock
                0x000000000800126c      0x220 ./Core/Src/fsm_clock.o
                0x000000000800126c                fsm_alarm_clock
 .text.time_init
                0x000000000800148c       0x32 ./Core/Src/global.o
                0x000000000800148c                time_init
 .text.time_update
                0x00000000080014be       0x56 ./Core/Src/global.o
                0x00000000080014be                time_update
 .text.Lcd_create
                0x0000000008001514       0x56 ./Core/Src/lcd1602.o
                0x0000000008001514                Lcd_create
 .text.Lcd_init
                0x000000000800156a       0x48 ./Core/Src/lcd1602.o
                0x000000000800156a                Lcd_init
 .text.Lcd_string
                0x00000000080015b2       0x3e ./Core/Src/lcd1602.o
                0x00000000080015b2                Lcd_string
 .text.Lcd_cursor
                0x00000000080015f0       0x34 ./Core/Src/lcd1602.o
                0x00000000080015f0                Lcd_cursor
 .text.lcd_write_command
                0x0000000008001624       0x4e ./Core/Src/lcd1602.o
 .text.lcd_write_data
                0x0000000008001672       0x4e ./Core/Src/lcd1602.o
 .text.lcd_write
                0x00000000080016c0       0x80 ./Core/Src/lcd1602.o
 .text.main     0x0000000008001740       0xcc ./Core/Src/main.o
                0x0000000008001740                main
 .text.SystemClock_Config
                0x000000000800180c       0xb4 ./Core/Src/main.o
                0x000000000800180c                SystemClock_Config
 .text.MX_RTC_Init
                0x00000000080018c0       0x94 ./Core/Src/main.o
 *fill*         0x0000000008001954        0x4 
 .text.MX_TIM2_Init
                0x0000000008001958      0x118 ./Core/Src/main.o
 .text.MX_TIM3_Init
                0x0000000008001a70       0xec ./Core/Src/main.o
 .text.MX_GPIO_Init
                0x0000000008001b5c      0x198 ./Core/Src/main.o
 .text.HAL_TIM_PeriodElapsedCallback
                0x0000000008001cf4       0x1c ./Core/Src/main.o
                0x0000000008001cf4                HAL_TIM_PeriodElapsedCallback
 .text.Error_Handler
                0x0000000008001d10        0xa ./Core/Src/main.o
                0x0000000008001d10                Error_Handler
 *fill*         0x0000000008001d1a        0x2 
 .text.set_time
                0x0000000008001d1c       0x74 ./Core/Src/rtc.o
                0x0000000008001d1c                set_time
 .text.get_time
                0x0000000008001d90       0x78 ./Core/Src/rtc.o
                0x0000000008001d90                get_time
 .text.display_time
                0x0000000008001e08       0x50 ./Core/Src/rtc.o
                0x0000000008001e08                display_time
 .text.setTimer
                0x0000000008001e58       0x3c ./Core/Src/software_timer.o
                0x0000000008001e58                setTimer
 .text.clearTimer
                0x0000000008001e94       0x30 ./Core/Src/software_timer.o
                0x0000000008001e94                clearTimer
 .text.timerRun
                0x0000000008001ec4       0x60 ./Core/Src/software_timer.o
                0x0000000008001ec4                timerRun
 .text.HAL_MspInit
                0x0000000008001f24       0x74 ./Core/Src/stm32f1xx_hal_msp.o
                0x0000000008001f24                HAL_MspInit
 .text.HAL_RTC_MspInit
                0x0000000008001f98       0x48 ./Core/Src/stm32f1xx_hal_msp.o
                0x0000000008001f98                HAL_RTC_MspInit
 .text.HAL_TIM_Base_MspInit
                0x0000000008001fe0       0x80 ./Core/Src/stm32f1xx_hal_msp.o
                0x0000000008001fe0                HAL_TIM_Base_MspInit
 .text.HAL_TIM_MspPostInit
                0x0000000008002060       0x64 ./Core/Src/stm32f1xx_hal_msp.o
                0x0000000008002060                HAL_TIM_MspPostInit
 .text.NMI_Handler
                0x00000000080020c4        0x6 ./Core/Src/stm32f1xx_it.o
                0x00000000080020c4                NMI_Handler
 .text.HardFault_Handler
                0x00000000080020ca        0x6 ./Core/Src/stm32f1xx_it.o
                0x00000000080020ca                HardFault_Handler
 .text.MemManage_Handler
                0x00000000080020d0        0x6 ./Core/Src/stm32f1xx_it.o
                0x00000000080020d0                MemManage_Handler
 .text.BusFault_Handler
                0x00000000080020d6        0x6 ./Core/Src/stm32f1xx_it.o
                0x00000000080020d6                BusFault_Handler
 .text.UsageFault_Handler
                0x00000000080020dc        0x6 ./Core/Src/stm32f1xx_it.o
                0x00000000080020dc                UsageFault_Handler
 .text.SVC_Handler
                0x00000000080020e2        0xc ./Core/Src/stm32f1xx_it.o
                0x00000000080020e2                SVC_Handler
 .text.DebugMon_Handler
                0x00000000080020ee        0xc ./Core/Src/stm32f1xx_it.o
                0x00000000080020ee                DebugMon_Handler
 .text.PendSV_Handler
                0x00000000080020fa        0xc ./Core/Src/stm32f1xx_it.o
                0x00000000080020fa                PendSV_Handler
 .text.SysTick_Handler
                0x0000000008002106        0xc ./Core/Src/stm32f1xx_it.o
                0x0000000008002106                SysTick_Handler
 .text.RCC_IRQHandler
                0x0000000008002112        0xc ./Core/Src/stm32f1xx_it.o
                0x0000000008002112                RCC_IRQHandler
 *fill*         0x000000000800211e        0x2 
 .text.TIM2_IRQHandler
                0x0000000008002120       0x14 ./Core/Src/stm32f1xx_it.o
                0x0000000008002120                TIM2_IRQHandler
 .text.TIM3_IRQHandler
                0x0000000008002134       0x14 ./Core/Src/stm32f1xx_it.o
                0x0000000008002134                TIM3_IRQHandler
 .text.EXTI15_10_IRQHandler
                0x0000000008002148       0x10 ./Core/Src/stm32f1xx_it.o
                0x0000000008002148                EXTI15_10_IRQHandler
 .text._sbrk    0x0000000008002158       0x6c ./Core/Src/sysmem.o
                0x0000000008002158                _sbrk
 .text.SystemInit
                0x00000000080021c4        0xc ./Core/Src/system_stm32f1xx.o
                0x00000000080021c4                SystemInit
 .text.Reset_Handler
                0x00000000080021d0       0x48 ./Core/Startup/startup_stm32f103rbtx.o
                0x00000000080021d0                Reset_Handler
 .text.Default_Handler
                0x0000000008002218        0x2 ./Core/Startup/startup_stm32f103rbtx.o
                0x0000000008002218                RTC_Alarm_IRQHandler
                0x0000000008002218                EXTI2_IRQHandler
                0x0000000008002218                TIM1_CC_IRQHandler
                0x0000000008002218                PVD_IRQHandler
                0x0000000008002218                EXTI3_IRQHandler
                0x0000000008002218                EXTI0_IRQHandler
                0x0000000008002218                I2C2_EV_IRQHandler
                0x0000000008002218                ADC1_2_IRQHandler
                0x0000000008002218                SPI1_IRQHandler
                0x0000000008002218                TAMPER_IRQHandler
                0x0000000008002218                DMA1_Channel4_IRQHandler
                0x0000000008002218                USART3_IRQHandler
                0x0000000008002218                RTC_IRQHandler
                0x0000000008002218                DMA1_Channel7_IRQHandler
                0x0000000008002218                CAN1_RX1_IRQHandler
                0x0000000008002218                TIM4_IRQHandler
                0x0000000008002218                I2C1_EV_IRQHandler
                0x0000000008002218                DMA1_Channel6_IRQHandler
                0x0000000008002218                TIM1_TRG_COM_IRQHandler
                0x0000000008002218                DMA1_Channel1_IRQHandler
                0x0000000008002218                Default_Handler
                0x0000000008002218                EXTI9_5_IRQHandler
                0x0000000008002218                SPI2_IRQHandler
                0x0000000008002218                DMA1_Channel5_IRQHandler
                0x0000000008002218                EXTI4_IRQHandler
                0x0000000008002218                USB_LP_CAN1_RX0_IRQHandler
                0x0000000008002218                USB_HP_CAN1_TX_IRQHandler
                0x0000000008002218                DMA1_Channel3_IRQHandler
                0x0000000008002218                TIM1_UP_IRQHandler
                0x0000000008002218                WWDG_IRQHandler
                0x0000000008002218                TIM1_BRK_IRQHandler
                0x0000000008002218                EXTI1_IRQHandler
                0x0000000008002218                USART2_IRQHandler
                0x0000000008002218                I2C2_ER_IRQHandler
                0x0000000008002218                DMA1_Channel2_IRQHandler
                0x0000000008002218                CAN1_SCE_IRQHandler
                0x0000000008002218                FLASH_IRQHandler
                0x0000000008002218                USART1_IRQHandler
                0x0000000008002218                I2C1_ER_IRQHandler
                0x0000000008002218                USBWakeUp_IRQHandler
 *fill*         0x000000000800221a        0x2 
 .text.HAL_Init
                0x000000000800221c       0x2c ./Drivers/STM32F1xx_HAL_Driver/Src/stm32f1xx_hal.o
                0x000000000800221c                HAL_Init
 .text.HAL_InitTick
                0x0000000008002248       0x60 ./Drivers/STM32F1xx_HAL_Driver/Src/stm32f1xx_hal.o
                0x0000000008002248                HAL_InitTick
 .text.HAL_IncTick
                0x00000000080022a8       0x24 ./Drivers/STM32F1xx_HAL_Driver/Src/stm32f1xx_hal.o
                0x00000000080022a8                HAL_IncTick
 .text.HAL_GetTick
                0x00000000080022cc       0x14 ./Drivers/STM32F1xx_HAL_Driver/Src/stm32f1xx_hal.o
                0x00000000080022cc                HAL_GetTick
 .text.HAL_Delay
                0x00000000080022e0       0x48 ./Drivers/STM32F1xx_HAL_Driver/Src/stm32f1xx_hal.o
                0x00000000080022e0                HAL_Delay
 .text.__NVIC_SetPriorityGrouping
                0x0000000008002328       0x48 ./Drivers/STM32F1xx_HAL_Driver/Src/stm32f1xx_hal_cortex.o
 .text.__NVIC_GetPriorityGrouping
                0x0000000008002370       0x1c ./Drivers/STM32F1xx_HAL_Driver/Src/stm32f1xx_hal_cortex.o
 .text.__NVIC_EnableIRQ
                0x000000000800238c       0x38 ./Drivers/STM32F1xx_HAL_Driver/Src/stm32f1xx_hal_cortex.o
 .text.__NVIC_SetPriority
                0x00000000080023c4       0x54 ./Drivers/STM32F1xx_HAL_Driver/Src/stm32f1xx_hal_cortex.o
 .text.NVIC_EncodePriority
                0x0000000008002418       0x64 ./Drivers/STM32F1xx_HAL_Driver/Src/stm32f1xx_hal_cortex.o
 .text.SysTick_Config
                0x000000000800247c       0x44 ./Drivers/STM32F1xx_HAL_Driver/Src/stm32f1xx_hal_cortex.o
 .text.HAL_NVIC_SetPriorityGrouping
                0x00000000080024c0       0x16 ./Drivers/STM32F1xx_HAL_Driver/Src/stm32f1xx_hal_cortex.o
                0x00000000080024c0                HAL_NVIC_SetPriorityGrouping
 .text.HAL_NVIC_SetPriority
                0x00000000080024d6       0x38 ./Drivers/STM32F1xx_HAL_Driver/Src/stm32f1xx_hal_cortex.o
                0x00000000080024d6                HAL_NVIC_SetPriority
 .text.HAL_NVIC_EnableIRQ
                0x000000000800250e       0x1c ./Drivers/STM32F1xx_HAL_Driver/Src/stm32f1xx_hal_cortex.o
                0x000000000800250e                HAL_NVIC_EnableIRQ
 .text.HAL_SYSTICK_Config
                0x000000000800252a       0x18 ./Drivers/STM32F1xx_HAL_Driver/Src/stm32f1xx_hal_cortex.o
                0x000000000800252a                HAL_SYSTICK_Config
 *fill*         0x0000000008002542        0x2 
 .text.HAL_GPIO_Init
                0x0000000008002544      0x308 ./Drivers/STM32F1xx_HAL_Driver/Src/stm32f1xx_hal_gpio.o
                0x0000000008002544                HAL_GPIO_Init
 .text.HAL_GPIO_ReadPin
                0x000000000800284c       0x2e ./Drivers/STM32F1xx_HAL_Driver/Src/stm32f1xx_hal_gpio.o
                0x000000000800284c                HAL_GPIO_ReadPin
 .text.HAL_GPIO_WritePin
                0x000000000800287a       0x30 ./Drivers/STM32F1xx_HAL_Driver/Src/stm32f1xx_hal_gpio.o
                0x000000000800287a                HAL_GPIO_WritePin
 *fill*         0x00000000080028aa        0x2 
 .text.HAL_GPIO_EXTI_IRQHandler
                0x00000000080028ac       0x30 ./Drivers/STM32F1xx_HAL_Driver/Src/stm32f1xx_hal_gpio.o
                0x00000000080028ac                HAL_GPIO_EXTI_IRQHandler
 .text.HAL_GPIO_EXTI_Callback
                0x00000000080028dc       0x14 ./Drivers/STM32F1xx_HAL_Driver/Src/stm32f1xx_hal_gpio.o
                0x00000000080028dc                HAL_GPIO_EXTI_Callback
 .text.HAL_PWR_EnableBkUpAccess
                0x00000000080028f0       0x18 ./Drivers/STM32F1xx_HAL_Driver/Src/stm32f1xx_hal_pwr.o
                0x00000000080028f0                HAL_PWR_EnableBkUpAccess
 .text.HAL_RCC_OscConfig
                0x0000000008002908      0x500 ./Drivers/STM32F1xx_HAL_Driver/Src/stm32f1xx_hal_rcc.o
                0x0000000008002908                HAL_RCC_OscConfig
 .text.HAL_RCC_ClockConfig
                0x0000000008002e08      0x1d4 ./Drivers/STM32F1xx_HAL_Driver/Src/stm32f1xx_hal_rcc.o
                0x0000000008002e08                HAL_RCC_ClockConfig
 .text.HAL_RCC_GetSysClockFreq
                0x0000000008002fdc       0xc0 ./Drivers/STM32F1xx_HAL_Driver/Src/stm32f1xx_hal_rcc.o
                0x0000000008002fdc                HAL_RCC_GetSysClockFreq
 .text.HAL_RCC_GetHCLKFreq
                0x000000000800309c       0x14 ./Drivers/STM32F1xx_HAL_Driver/Src/stm32f1xx_hal_rcc.o
                0x000000000800309c                HAL_RCC_GetHCLKFreq
 .text.HAL_RCC_GetPCLK2Freq
                0x00000000080030b0       0x28 ./Drivers/STM32F1xx_HAL_Driver/Src/stm32f1xx_hal_rcc.o
                0x00000000080030b0                HAL_RCC_GetPCLK2Freq
 .text.RCC_Delay
                0x00000000080030d8       0x3c ./Drivers/STM32F1xx_HAL_Driver/Src/stm32f1xx_hal_rcc.o
 .text.HAL_RCCEx_PeriphCLKConfig
                0x0000000008003114      0x16c ./Drivers/STM32F1xx_HAL_Driver/Src/stm32f1xx_hal_rcc_ex.o
                0x0000000008003114                HAL_RCCEx_PeriphCLKConfig
 .text.HAL_RCCEx_GetPeriphCLKFreq
                0x0000000008003280      0x188 ./Drivers/STM32F1xx_HAL_Driver/Src/stm32f1xx_hal_rcc_ex.o
                0x0000000008003280                HAL_RCCEx_GetPeriphCLKFreq
 .text.HAL_RTC_Init
                0x0000000008003408      0x12c ./Drivers/STM32F1xx_HAL_Driver/Src/stm32f1xx_hal_rtc.o
                0x0000000008003408                HAL_RTC_Init
 .text.HAL_RTC_SetTime
                0x0000000008003534      0x12e ./Drivers/STM32F1xx_HAL_Driver/Src/stm32f1xx_hal_rtc.o
                0x0000000008003534                HAL_RTC_SetTime
 *fill*         0x0000000008003662        0x2 
 .text.HAL_RTC_GetTime
                0x0000000008003664      0x1b0 ./Drivers/STM32F1xx_HAL_Driver/Src/stm32f1xx_hal_rtc.o
                0x0000000008003664                HAL_RTC_GetTime
 .text.HAL_RTC_SetDate
                0x0000000008003814      0x16c ./Drivers/STM32F1xx_HAL_Driver/Src/stm32f1xx_hal_rtc.o
                0x0000000008003814                HAL_RTC_SetDate
 .text.HAL_RTC_GetDate
                0x0000000008003980       0xa8 ./Drivers/STM32F1xx_HAL_Driver/Src/stm32f1xx_hal_rtc.o
                0x0000000008003980                HAL_RTC_GetDate
 .text.HAL_RTC_WaitForSynchro
                0x0000000008003a28       0x5a ./Drivers/STM32F1xx_HAL_Driver/Src/stm32f1xx_hal_rtc.o
                0x0000000008003a28                HAL_RTC_WaitForSynchro
 .text.RTC_ReadTimeCounter
                0x0000000008003a82       0x60 ./Drivers/STM32F1xx_HAL_Driver/Src/stm32f1xx_hal_rtc.o
 .text.RTC_WriteTimeCounter
                0x0000000008003ae2       0x4e ./Drivers/STM32F1xx_HAL_Driver/Src/stm32f1xx_hal_rtc.o
 .text.RTC_ReadAlarmCounter
                0x0000000008003b30       0x32 ./Drivers/STM32F1xx_HAL_Driver/Src/stm32f1xx_hal_rtc.o
 .text.RTC_WriteAlarmCounter
                0x0000000008003b62       0x4e ./Drivers/STM32F1xx_HAL_Driver/Src/stm32f1xx_hal_rtc.o
 .text.RTC_EnterInitMode
                0x0000000008003bb0       0x50 ./Drivers/STM32F1xx_HAL_Driver/Src/stm32f1xx_hal_rtc.o
 .text.RTC_ExitInitMode
                0x0000000008003c00       0x50 ./Drivers/STM32F1xx_HAL_Driver/Src/stm32f1xx_hal_rtc.o
 .text.RTC_ByteToBcd2
                0x0000000008003c50       0x3a ./Drivers/STM32F1xx_HAL_Driver/Src/stm32f1xx_hal_rtc.o
 .text.RTC_Bcd2ToByte
                0x0000000008003c8a       0x3a ./Drivers/STM32F1xx_HAL_Driver/Src/stm32f1xx_hal_rtc.o
 .text.RTC_DateUpdate
                0x0000000008003cc4      0x152 ./Drivers/STM32F1xx_HAL_Driver/Src/stm32f1xx_hal_rtc.o
 *fill*         0x0000000008003e16        0x2 
 .text.RTC_IsLeapYear
                0x0000000008003e18       0x64 ./Drivers/STM32F1xx_HAL_Driver/Src/stm32f1xx_hal_rtc.o
 .text.RTC_WeekDayNum
                0x0000000008003e7c       0xf0 ./Drivers/STM32F1xx_HAL_Driver/Src/stm32f1xx_hal_rtc.o
 .text.HAL_RTCEx_BKUPWrite
                0x0000000008003f6c       0x34 ./Drivers/STM32F1xx_HAL_Driver/Src/stm32f1xx_hal_rtc_ex.o
                0x0000000008003f6c                HAL_RTCEx_BKUPWrite
 .text.HAL_RTCEx_BKUPRead
                0x0000000008003fa0       0x38 ./Drivers/STM32F1xx_HAL_Driver/Src/stm32f1xx_hal_rtc_ex.o
                0x0000000008003fa0                HAL_RTCEx_BKUPRead
 .text.HAL_TIM_Base_Init
                0x0000000008003fd8       0x9e ./Drivers/STM32F1xx_HAL_Driver/Src/stm32f1xx_hal_tim.o
                0x0000000008003fd8                HAL_TIM_Base_Init
 *fill*         0x0000000008004076        0x2 
 .text.HAL_TIM_Base_Start_IT
                0x0000000008004078       0xa4 ./Drivers/STM32F1xx_HAL_Driver/Src/stm32f1xx_hal_tim.o
                0x0000000008004078                HAL_TIM_Base_Start_IT
 .text.HAL_TIM_PWM_Init
                0x000000000800411c       0x9e ./Drivers/STM32F1xx_HAL_Driver/Src/stm32f1xx_hal_tim.o
                0x000000000800411c                HAL_TIM_PWM_Init
 .text.HAL_TIM_PWM_MspInit
                0x00000000080041ba       0x12 ./Drivers/STM32F1xx_HAL_Driver/Src/stm32f1xx_hal_tim.o
                0x00000000080041ba                HAL_TIM_PWM_MspInit
 .text.HAL_TIM_PWM_Start
                0x00000000080041cc      0x144 ./Drivers/STM32F1xx_HAL_Driver/Src/stm32f1xx_hal_tim.o
                0x00000000080041cc                HAL_TIM_PWM_Start
 .text.HAL_TIM_IRQHandler
                0x0000000008004310      0x210 ./Drivers/STM32F1xx_HAL_Driver/Src/stm32f1xx_hal_tim.o
                0x0000000008004310                HAL_TIM_IRQHandler
 .text.HAL_TIM_PWM_ConfigChannel
                0x0000000008004520      0x17c ./Drivers/STM32F1xx_HAL_Driver/Src/stm32f1xx_hal_tim.o
                0x0000000008004520                HAL_TIM_PWM_ConfigChannel
 .text.HAL_TIM_ConfigClockSource
                0x000000000800469c      0x188 ./Drivers/STM32F1xx_HAL_Driver/Src/stm32f1xx_hal_tim.o
                0x000000000800469c                HAL_TIM_ConfigClockSource
 .text.HAL_TIM_OC_DelayElapsedCallback
                0x0000000008004824       0x12 ./Drivers/STM32F1xx_HAL_Driver/Src/stm32f1xx_hal_tim.o
                0x0000000008004824                HAL_TIM_OC_DelayElapsedCallback
 .text.HAL_TIM_IC_CaptureCallback
                0x0000000008004836       0x12 ./Drivers/STM32F1xx_HAL_Driver/Src/stm32f1xx_hal_tim.o
                0x0000000008004836                HAL_TIM_IC_CaptureCallback
 .text.HAL_TIM_PWM_PulseFinishedCallback
                0x0000000008004848       0x12 ./Drivers/STM32F1xx_HAL_Driver/Src/stm32f1xx_hal_tim.o
                0x0000000008004848                HAL_TIM_PWM_PulseFinishedCallback
 .text.HAL_TIM_TriggerCallback
                0x000000000800485a       0x12 ./Drivers/STM32F1xx_HAL_Driver/Src/stm32f1xx_hal_tim.o
                0x000000000800485a                HAL_TIM_TriggerCallback
 .text.TIM_Base_SetConfig
                0x000000000800486c       0xc4 ./Drivers/STM32F1xx_HAL_Driver/Src/stm32f1xx_hal_tim.o
                0x000000000800486c                TIM_Base_SetConfig
 .text.TIM_OC1_SetConfig
                0x0000000008004930       0xcc ./Drivers/STM32F1xx_HAL_Driver/Src/stm32f1xx_hal_tim.o
 .text.TIM_OC2_SetConfig
                0x00000000080049fc       0xd4 ./Drivers/STM32F1xx_HAL_Driver/Src/stm32f1xx_hal_tim.o
                0x00000000080049fc                TIM_OC2_SetConfig
 .text.TIM_OC3_SetConfig
                0x0000000008004ad0       0xd4 ./Drivers/STM32F1xx_HAL_Driver/Src/stm32f1xx_hal_tim.o
 .text.TIM_OC4_SetConfig
                0x0000000008004ba4       0x9c ./Drivers/STM32F1xx_HAL_Driver/Src/stm32f1xx_hal_tim.o
 .text.TIM_TI1_ConfigInputStage
                0x0000000008004c40       0x5c ./Drivers/STM32F1xx_HAL_Driver/Src/stm32f1xx_hal_tim.o
 .text.TIM_TI2_ConfigInputStage
                0x0000000008004c9c       0x5e ./Drivers/STM32F1xx_HAL_Driver/Src/stm32f1xx_hal_tim.o
 .text.TIM_ITRx_SetConfig
                0x0000000008004cfa       0x34 ./Drivers/STM32F1xx_HAL_Driver/Src/stm32f1xx_hal_tim.o
 .text.TIM_ETR_SetConfig
                0x0000000008004d2e       0x3e ./Drivers/STM32F1xx_HAL_Driver/Src/stm32f1xx_hal_tim.o
                0x0000000008004d2e                TIM_ETR_SetConfig
 .text.TIM_CCxChannelCmd
                0x0000000008004d6c       0x48 ./Drivers/STM32F1xx_HAL_Driver/Src/stm32f1xx_hal_tim.o
                0x0000000008004d6c                TIM_CCxChannelCmd
 .text.HAL_TIMEx_MasterConfigSynchronization
                0x0000000008004db4       0xbc ./Drivers/STM32F1xx_HAL_Driver/Src/stm32f1xx_hal_tim_ex.o
                0x0000000008004db4                HAL_TIMEx_MasterConfigSynchronization
 .text.HAL_TIMEx_CommutCallback
                0x0000000008004e70       0x12 ./Drivers/STM32F1xx_HAL_Driver/Src/stm32f1xx_hal_tim_ex.o
                0x0000000008004e70                HAL_TIMEx_CommutCallback
 .text.HAL_TIMEx_BreakCallback
                0x0000000008004e82       0x12 ./Drivers/STM32F1xx_HAL_Driver/Src/stm32f1xx_hal_tim_ex.o
                0x0000000008004e82                HAL_TIMEx_BreakCallback
 .text.__errno  0x0000000008004e94        0xc d:/programs/stm32/stm32cubeide_1.7.0/stm32cubeide/plugins/com.st.stm32cube.ide.mcu.externaltools.gnu-tools-for-stm32.9-2020-q2-update.win32_2.0.0.202105311346/tools/bin/../lib/gcc/arm-none-eabi/9.3.1/../../../../arm-none-eabi/lib/thumb/v7-m/nofp\libc_nano.a(lib_a-errno.o)
                0x0000000008004e94                __errno
 .text.__libc_init_array
                0x0000000008004ea0       0x48 d:/programs/stm32/stm32cubeide_1.7.0/stm32cubeide/plugins/com.st.stm32cube.ide.mcu.externaltools.gnu-tools-for-stm32.9-2020-q2-update.win32_2.0.0.202105311346/tools/bin/../lib/gcc/arm-none-eabi/9.3.1/../../../../arm-none-eabi/lib/thumb/v7-m/nofp\libc_nano.a(lib_a-init.o)
                0x0000000008004ea0                __libc_init_array
 .text.memset   0x0000000008004ee8       0x10 d:/programs/stm32/stm32cubeide_1.7.0/stm32cubeide/plugins/com.st.stm32cube.ide.mcu.externaltools.gnu-tools-for-stm32.9-2020-q2-update.win32_2.0.0.202105311346/tools/bin/../lib/gcc/arm-none-eabi/9.3.1/../../../../arm-none-eabi/lib/thumb/v7-m/nofp\libc_nano.a(lib_a-memset.o)
                0x0000000008004ee8                memset
 .text.sprintf  0x0000000008004ef8       0x40 d:/programs/stm32/stm32cubeide_1.7.0/stm32cubeide/plugins/com.st.stm32cube.ide.mcu.externaltools.gnu-tools-for-stm32.9-2020-q2-update.win32_2.0.0.202105311346/tools/bin/../lib/gcc/arm-none-eabi/9.3.1/../../../../arm-none-eabi/lib/thumb/v7-m/nofp\libc_nano.a(lib_a-sprintf.o)
                0x0000000008004ef8                siprintf
                0x0000000008004ef8                sprintf
 .text.__ssputs_r
                0x0000000008004f38       0xb6 d:/programs/stm32/stm32cubeide_1.7.0/stm32cubeide/plugins/com.st.stm32cube.ide.mcu.externaltools.gnu-tools-for-stm32.9-2020-q2-update.win32_2.0.0.202105311346/tools/bin/../lib/gcc/arm-none-eabi/9.3.1/../../../../arm-none-eabi/lib/thumb/v7-m/nofp\libc_nano.a(lib_a-nano-svfprintf.o)
                0x0000000008004f38                __ssputs_r
 *fill*         0x0000000008004fee        0x2 
 .text._svfprintf_r
                0x0000000008004ff0      0x200 d:/programs/stm32/stm32cubeide_1.7.0/stm32cubeide/plugins/com.st.stm32cube.ide.mcu.externaltools.gnu-tools-for-stm32.9-2020-q2-update.win32_2.0.0.202105311346/tools/bin/../lib/gcc/arm-none-eabi/9.3.1/../../../../arm-none-eabi/lib/thumb/v7-m/nofp\libc_nano.a(lib_a-nano-svfprintf.o)
                0x0000000008004ff0                _svfiprintf_r
                0x0000000008004ff0                _svfprintf_r
 .text._printf_common
                0x00000000080051f0       0xde d:/programs/stm32/stm32cubeide_1.7.0/stm32cubeide/plugins/com.st.stm32cube.ide.mcu.externaltools.gnu-tools-for-stm32.9-2020-q2-update.win32_2.0.0.202105311346/tools/bin/../lib/gcc/arm-none-eabi/9.3.1/../../../../arm-none-eabi/lib/thumb/v7-m/nofp\libc_nano.a(lib_a-nano-vfprintf_i.o)
                0x00000000080051f0                _printf_common
 *fill*         0x00000000080052ce        0x2 
 .text._printf_i
                0x00000000080052d0      0x24c d:/programs/stm32/stm32cubeide_1.7.0/stm32cubeide/plugins/com.st.stm32cube.ide.mcu.externaltools.gnu-tools-for-stm32.9-2020-q2-update.win32_2.0.0.202105311346/tools/bin/../lib/gcc/arm-none-eabi/9.3.1/../../../../arm-none-eabi/lib/thumb/v7-m/nofp\libc_nano.a(lib_a-nano-vfprintf_i.o)
                0x00000000080052d0                _printf_i
 .text.memchr   0x000000000800551c       0x1c d:/programs/stm32/stm32cubeide_1.7.0/stm32cubeide/plugins/com.st.stm32cube.ide.mcu.externaltools.gnu-tools-for-stm32.9-2020-q2-update.win32_2.0.0.202105311346/tools/bin/../lib/gcc/arm-none-eabi/9.3.1/../../../../arm-none-eabi/lib/thumb/v7-m/nofp\libc_nano.a(lib_a-memchr-stub.o)
                0x000000000800551c                memchr
 .text.memcpy   0x0000000008005538       0x1c d:/programs/stm32/stm32cubeide_1.7.0/stm32cubeide/plugins/com.st.stm32cube.ide.mcu.externaltools.gnu-tools-for-stm32.9-2020-q2-update.win32_2.0.0.202105311346/tools/bin/../lib/gcc/arm-none-eabi/9.3.1/../../../../arm-none-eabi/lib/thumb/v7-m/nofp\libc_nano.a(lib_a-memcpy-stub.o)
                0x0000000008005538                memcpy
 .text.memmove  0x0000000008005554       0x34 d:/programs/stm32/stm32cubeide_1.7.0/stm32cubeide/plugins/com.st.stm32cube.ide.mcu.externaltools.gnu-tools-for-stm32.9-2020-q2-update.win32_2.0.0.202105311346/tools/bin/../lib/gcc/arm-none-eabi/9.3.1/../../../../arm-none-eabi/lib/thumb/v7-m/nofp\libc_nano.a(lib_a-memmove.o)
                0x0000000008005554                memmove
 .text._free_r  0x0000000008005588       0x98 d:/programs/stm32/stm32cubeide_1.7.0/stm32cubeide/plugins/com.st.stm32cube.ide.mcu.externaltools.gnu-tools-for-stm32.9-2020-q2-update.win32_2.0.0.202105311346/tools/bin/../lib/gcc/arm-none-eabi/9.3.1/../../../../arm-none-eabi/lib/thumb/v7-m/nofp\libc_nano.a(lib_a-nano-freer.o)
                0x0000000008005588                _free_r
 .text._malloc_r
                0x0000000008005620       0xb4 d:/programs/stm32/stm32cubeide_1.7.0/stm32cubeide/plugins/com.st.stm32cube.ide.mcu.externaltools.gnu-tools-for-stm32.9-2020-q2-update.win32_2.0.0.202105311346/tools/bin/../lib/gcc/arm-none-eabi/9.3.1/../../../../arm-none-eabi/lib/thumb/v7-m/nofp\libc_nano.a(lib_a-nano-mallocr.o)
                0x0000000008005620                _malloc_r
 .text._realloc_r
                0x00000000080056d4       0x4c d:/programs/stm32/stm32cubeide_1.7.0/stm32cubeide/plugins/com.st.stm32cube.ide.mcu.externaltools.gnu-tools-for-stm32.9-2020-q2-update.win32_2.0.0.202105311346/tools/bin/../lib/gcc/arm-none-eabi/9.3.1/../../../../arm-none-eabi/lib/thumb/v7-m/nofp\libc_nano.a(lib_a-nano-reallocr.o)
                0x00000000080056d4                _realloc_r
 .text._sbrk_r  0x0000000008005720       0x20 d:/programs/stm32/stm32cubeide_1.7.0/stm32cubeide/plugins/com.st.stm32cube.ide.mcu.externaltools.gnu-tools-for-stm32.9-2020-q2-update.win32_2.0.0.202105311346/tools/bin/../lib/gcc/arm-none-eabi/9.3.1/../../../../arm-none-eabi/lib/thumb/v7-m/nofp\libc_nano.a(lib_a-sbrkr.o)
                0x0000000008005720                _sbrk_r
 .text.__malloc_lock
                0x0000000008005740        0xc d:/programs/stm32/stm32cubeide_1.7.0/stm32cubeide/plugins/com.st.stm32cube.ide.mcu.externaltools.gnu-tools-for-stm32.9-2020-q2-update.win32_2.0.0.202105311346/tools/bin/../lib/gcc/arm-none-eabi/9.3.1/../../../../arm-none-eabi/lib/thumb/v7-m/nofp\libc_nano.a(lib_a-mlock.o)
                0x0000000008005740                __malloc_lock
 .text.__malloc_unlock
                0x000000000800574c        0xc d:/programs/stm32/stm32cubeide_1.7.0/stm32cubeide/plugins/com.st.stm32cube.ide.mcu.externaltools.gnu-tools-for-stm32.9-2020-q2-update.win32_2.0.0.202105311346/tools/bin/../lib/gcc/arm-none-eabi/9.3.1/../../../../arm-none-eabi/lib/thumb/v7-m/nofp\libc_nano.a(lib_a-mlock.o)
                0x000000000800574c                __malloc_unlock
 .text._malloc_usable_size_r
                0x0000000008005758       0x10 d:/programs/stm32/stm32cubeide_1.7.0/stm32cubeide/plugins/com.st.stm32cube.ide.mcu.externaltools.gnu-tools-for-stm32.9-2020-q2-update.win32_2.0.0.202105311346/tools/bin/../lib/gcc/arm-none-eabi/9.3.1/../../../../arm-none-eabi/lib/thumb/v7-m/nofp\libc_nano.a(lib_a-nano-msizer.o)
                0x0000000008005758                _malloc_usable_size_r
 .text.__retarget_lock_acquire_recursive
                0x0000000008005768        0x2 d:/programs/stm32/stm32cubeide_1.7.0/stm32cubeide/plugins/com.st.stm32cube.ide.mcu.externaltools.gnu-tools-for-stm32.9-2020-q2-update.win32_2.0.0.202105311346/tools/bin/../lib/gcc/arm-none-eabi/9.3.1/../../../../arm-none-eabi/lib/thumb/v7-m/nofp\libc_nano.a(lib_a-lock.o)
                0x0000000008005768                __retarget_lock_acquire_recursive
 .text.__retarget_lock_release_recursive
                0x000000000800576a        0x2 d:/programs/stm32/stm32cubeide_1.7.0/stm32cubeide/plugins/com.st.stm32cube.ide.mcu.externaltools.gnu-tools-for-stm32.9-2020-q2-update.win32_2.0.0.202105311346/tools/bin/../lib/gcc/arm-none-eabi/9.3.1/../../../../arm-none-eabi/lib/thumb/v7-m/nofp\libc_nano.a(lib_a-lock.o)
                0x000000000800576a                __retarget_lock_release_recursive
 *(.glue_7)
 .glue_7        0x000000000800576c        0x0 linker stubs
 *(.glue_7t)
 .glue_7t       0x000000000800576c        0x0 linker stubs
 *(.eh_frame)
 .eh_frame      0x000000000800576c        0x0 d:/programs/stm32/stm32cubeide_1.7.0/stm32cubeide/plugins/com.st.stm32cube.ide.mcu.externaltools.gnu-tools-for-stm32.9-2020-q2-update.win32_2.0.0.202105311346/tools/bin/../lib/gcc/arm-none-eabi/9.3.1/thumb/v7-m/nofp/crtbegin.o
 *(.init)
 .init          0x000000000800576c        0x4 d:/programs/stm32/stm32cubeide_1.7.0/stm32cubeide/plugins/com.st.stm32cube.ide.mcu.externaltools.gnu-tools-for-stm32.9-2020-q2-update.win32_2.0.0.202105311346/tools/bin/../lib/gcc/arm-none-eabi/9.3.1/thumb/v7-m/nofp/crti.o
                0x000000000800576c                _init
 .init          0x0000000008005770        0x8 d:/programs/stm32/stm32cubeide_1.7.0/stm32cubeide/plugins/com.st.stm32cube.ide.mcu.externaltools.gnu-tools-for-stm32.9-2020-q2-update.win32_2.0.0.202105311346/tools/bin/../lib/gcc/arm-none-eabi/9.3.1/thumb/v7-m/nofp/crtn.o
 *(.fini)
 .fini          0x0000000008005778        0x4 d:/programs/stm32/stm32cubeide_1.7.0/stm32cubeide/plugins/com.st.stm32cube.ide.mcu.externaltools.gnu-tools-for-stm32.9-2020-q2-update.win32_2.0.0.202105311346/tools/bin/../lib/gcc/arm-none-eabi/9.3.1/thumb/v7-m/nofp/crti.o
                0x0000000008005778                _fini
 .fini          0x000000000800577c        0x8 d:/programs/stm32/stm32cubeide_1.7.0/stm32cubeide/plugins/com.st.stm32cube.ide.mcu.externaltools.gnu-tools-for-stm32.9-2020-q2-update.win32_2.0.0.202105311346/tools/bin/../lib/gcc/arm-none-eabi/9.3.1/thumb/v7-m/nofp/crtn.o
                0x0000000008005784                . = ALIGN (0x4)
                0x0000000008005784                _etext = .

.vfp11_veneer   0x0000000008005784        0x0
 .vfp11_veneer  0x0000000008005784        0x0 linker stubs

.v4_bx          0x0000000008005784        0x0
 .v4_bx         0x0000000008005784        0x0 linker stubs

.iplt           0x0000000008005784        0x0
 .iplt          0x0000000008005784        0x0 d:/programs/stm32/stm32cubeide_1.7.0/stm32cubeide/plugins/com.st.stm32cube.ide.mcu.externaltools.gnu-tools-for-stm32.9-2020-q2-update.win32_2.0.0.202105311346/tools/bin/../lib/gcc/arm-none-eabi/9.3.1/thumb/v7-m/nofp/crtbegin.o

.rodata         0x0000000008005784      0x13c
                0x0000000008005784                . = ALIGN (0x4)
 *(.rodata)
 .rodata        0x0000000008005784       0x8b ./Core/Src/fsm_clock.o
 *fill*         0x000000000800580f        0x1 
 .rodata        0x0000000008005810       0x18 ./Core/Src/main.o
 .rodata        0x0000000008005828       0x28 ./Core/Src/rtc.o
 .rodata        0x0000000008005850       0x10 ./Drivers/STM32F1xx_HAL_Driver/Src/stm32f1xx_hal_rcc.o
 .rodata        0x0000000008005860       0x10 ./Drivers/STM32F1xx_HAL_Driver/Src/stm32f1xx_hal_rcc_ex.o
 *(.rodata*)
 .rodata.ROW_16
                0x0000000008005870        0x2 ./Core/Src/lcd1602.o
                0x0000000008005870                ROW_16
 *fill*         0x0000000008005872        0x2 
 .rodata.AHBPrescTable
                0x0000000008005874       0x10 ./Core/Src/system_stm32f1xx.o
                0x0000000008005874                AHBPrescTable
 .rodata.APBPrescTable
                0x0000000008005884        0x8 ./Core/Src/system_stm32f1xx.o
                0x0000000008005884                APBPrescTable
 .rodata._svfprintf_r.str1.1
                0x000000000800588c       0x11 d:/programs/stm32/stm32cubeide_1.7.0/stm32cubeide/plugins/com.st.stm32cube.ide.mcu.externaltools.gnu-tools-for-stm32.9-2020-q2-update.win32_2.0.0.202105311346/tools/bin/../lib/gcc/arm-none-eabi/9.3.1/../../../../arm-none-eabi/lib/thumb/v7-m/nofp\libc_nano.a(lib_a-nano-svfprintf.o)
 .rodata._printf_i.str1.1
                0x000000000800589d       0x22 d:/programs/stm32/stm32cubeide_1.7.0/stm32cubeide/plugins/com.st.stm32cube.ide.mcu.externaltools.gnu-tools-for-stm32.9-2020-q2-update.win32_2.0.0.202105311346/tools/bin/../lib/gcc/arm-none-eabi/9.3.1/../../../../arm-none-eabi/lib/thumb/v7-m/nofp\libc_nano.a(lib_a-nano-vfprintf_i.o)
                0x00000000080058c0                . = ALIGN (0x4)
 *fill*         0x00000000080058bf        0x1 

.rel.dyn        0x00000000080058c0        0x0
 .rel.iplt      0x00000000080058c0        0x0 d:/programs/stm32/stm32cubeide_1.7.0/stm32cubeide/plugins/com.st.stm32cube.ide.mcu.externaltools.gnu-tools-for-stm32.9-2020-q2-update.win32_2.0.0.202105311346/tools/bin/../lib/gcc/arm-none-eabi/9.3.1/thumb/v7-m/nofp/crtbegin.o

.ARM.extab      0x00000000080058c0        0x0
                0x00000000080058c0                . = ALIGN (0x4)
 *(.ARM.extab* .gnu.linkonce.armextab.*)
                0x00000000080058c0                . = ALIGN (0x4)

.ARM            0x00000000080058c0        0x0
                0x00000000080058c0                . = ALIGN (0x4)
                0x00000000080058c0                __exidx_start = .
 *(.ARM.exidx*)
                0x00000000080058c0                __exidx_end = .
                0x00000000080058c0                . = ALIGN (0x4)

.preinit_array  0x00000000080058c0        0x0
                0x00000000080058c0                . = ALIGN (0x4)
                0x00000000080058c0                PROVIDE (__preinit_array_start = .)
 *(.preinit_array*)
                0x00000000080058c0                PROVIDE (__preinit_array_end = .)
                0x00000000080058c0                . = ALIGN (0x4)

.init_array     0x00000000080058c0        0x4
                0x00000000080058c0                . = ALIGN (0x4)
                0x00000000080058c0                PROVIDE (__init_array_start = .)
 *(SORT_BY_NAME(.init_array.*))
 *(.init_array*)
 .init_array    0x00000000080058c0        0x4 d:/programs/stm32/stm32cubeide_1.7.0/stm32cubeide/plugins/com.st.stm32cube.ide.mcu.externaltools.gnu-tools-for-stm32.9-2020-q2-update.win32_2.0.0.202105311346/tools/bin/../lib/gcc/arm-none-eabi/9.3.1/thumb/v7-m/nofp/crtbegin.o
                0x00000000080058c4                PROVIDE (__init_array_end = .)
                0x00000000080058c4                . = ALIGN (0x4)

.fini_array     0x00000000080058c4        0x4
                0x00000000080058c4                . = ALIGN (0x4)
                [!provide]                        PROVIDE (__fini_array_start = .)
 *(SORT_BY_NAME(.fini_array.*))
 *(.fini_array*)
 .fini_array    0x00000000080058c4        0x4 d:/programs/stm32/stm32cubeide_1.7.0/stm32cubeide/plugins/com.st.stm32cube.ide.mcu.externaltools.gnu-tools-for-stm32.9-2020-q2-update.win32_2.0.0.202105311346/tools/bin/../lib/gcc/arm-none-eabi/9.3.1/thumb/v7-m/nofp/crtbegin.o
                [!provide]                        PROVIDE (__fini_array_end = .)
                0x00000000080058c8                . = ALIGN (0x4)
                0x00000000080058c8                _sidata = LOADADDR (.data)

.data           0x0000000020000000       0xe4 load address 0x00000000080058c8
                0x0000000020000000                . = ALIGN (0x4)
                0x0000000020000000                _sdata = .
 *(.data)
 *(.data*)
 .data.longkeyPress
                0x0000000020000000        0x4 ./Core/Src/button.o
                0x0000000020000000                longkeyPress
 .data.change_statelongkey
                0x0000000020000004        0x4 ./Core/Src/button.o
                0x0000000020000004                change_statelongkey
 .data.KeyReg0  0x0000000020000008       0x18 ./Core/Src/button.o
                0x0000000020000008                KeyReg0
 .data.KeyReg1  0x0000000020000020       0x18 ./Core/Src/button.o
                0x0000000020000020                KeyReg1
 .data.KeyReg2  0x0000000020000038       0x18 ./Core/Src/button.o
                0x0000000020000038                KeyReg2
 .data.KeyReg3  0x0000000020000050       0x18 ./Core/Src/button.o
                0x0000000020000050                KeyReg3
 .data.index_m  0x0000000020000068        0x4 ./Core/Src/fsm_clock.o
                0x0000000020000068                index_m
 .data.m2_status
                0x000000002000006c        0x4 ./Core/Src/global.o
                0x000000002000006c                m2_status
 .data.m3_status
                0x0000000020000070        0x4 ./Core/Src/global.o
                0x0000000020000070                m3_status
 .data.SystemCoreClock
                0x0000000020000074        0x4 ./Core/Src/system_stm32f1xx.o
                0x0000000020000074                SystemCoreClock
 .data.uwTickPrio
                0x0000000020000078        0x4 ./Drivers/STM32F1xx_HAL_Driver/Src/stm32f1xx_hal.o
                0x0000000020000078                uwTickPrio
 .data.uwTickFreq
                0x000000002000007c        0x1 ./Drivers/STM32F1xx_HAL_Driver/Src/stm32f1xx_hal.o
                0x000000002000007c                uwTickFreq
 *fill*         0x000000002000007d        0x3 
 .data._impure_ptr
                0x0000000020000080        0x4 d:/programs/stm32/stm32cubeide_1.7.0/stm32cubeide/plugins/com.st.stm32cube.ide.mcu.externaltools.gnu-tools-for-stm32.9-2020-q2-update.win32_2.0.0.202105311346/tools/bin/../lib/gcc/arm-none-eabi/9.3.1/../../../../arm-none-eabi/lib/thumb/v7-m/nofp\libc_nano.a(lib_a-impure.o)
                0x0000000020000080                _impure_ptr
 .data.impure_data
                0x0000000020000084       0x60 d:/programs/stm32/stm32cubeide_1.7.0/stm32cubeide/plugins/com.st.stm32cube.ide.mcu.externaltools.gnu-tools-for-stm32.9-2020-q2-update.win32_2.0.0.202105311346/tools/bin/../lib/gcc/arm-none-eabi/9.3.1/../../../../arm-none-eabi/lib/thumb/v7-m/nofp\libc_nano.a(lib_a-impure.o)
 *(.RamFunc)
 *(.RamFunc*)
                0x00000000200000e4                . = ALIGN (0x4)
                0x00000000200000e4                _edata = .

.igot.plt       0x00000000200000e4        0x0 load address 0x00000000080059ac
 .igot.plt      0x00000000200000e4        0x0 d:/programs/stm32/stm32cubeide_1.7.0/stm32cubeide/plugins/com.st.stm32cube.ide.mcu.externaltools.gnu-tools-for-stm32.9-2020-q2-update.win32_2.0.0.202105311346/tools/bin/../lib/gcc/arm-none-eabi/9.3.1/thumb/v7-m/nofp/crtbegin.o
                0x00000000200000e4                . = ALIGN (0x4)

.bss            0x00000000200000e4      0x1d4 load address 0x00000000080059ac
                0x00000000200000e4                _sbss = .
                0x00000000200000e4                __bss_start__ = _sbss
 *(.bss)
 .bss           0x00000000200000e4       0x1c d:/programs/stm32/stm32cubeide_1.7.0/stm32cubeide/plugins/com.st.stm32cube.ide.mcu.externaltools.gnu-tools-for-stm32.9-2020-q2-update.win32_2.0.0.202105311346/tools/bin/../lib/gcc/arm-none-eabi/9.3.1/thumb/v7-m/nofp/crtbegin.o
 *(.bss*)
 .bss.button_flag
                0x0000000020000100       0x18 ./Core/Src/button.o
                0x0000000020000100                button_flag
 .bss.buttonlong_flag
                0x0000000020000118       0x18 ./Core/Src/button.o
                0x0000000020000118                buttonlong_flag
 .bss.TimeOutForKeyPress
                0x0000000020000130       0x18 ./Core/Src/button.o
                0x0000000020000130                TimeOutForKeyPress
 .bss.alarm_flag
                0x0000000020000148        0x4 ./Core/Src/global.o
                0x0000000020000148                alarm_flag
 .bss.status    0x000000002000014c        0x4 ./Core/Src/global.o
                0x000000002000014c                status
 .bss.m2_run    0x0000000020000150        0x4 ./Core/Src/global.o
                0x0000000020000150                m2_run
 .bss.timer_counter
                0x0000000020000154       0x14 ./Core/Src/software_timer.o
                0x0000000020000154                timer_counter
 .bss.timer_flag
                0x0000000020000168       0x14 ./Core/Src/software_timer.o
                0x0000000020000168                timer_flag
 .bss.__sbrk_heap_end
                0x000000002000017c        0x4 ./Core/Src/sysmem.o
 .bss.__malloc_free_list
                0x0000000020000180        0x4 d:/programs/stm32/stm32cubeide_1.7.0/stm32cubeide/plugins/com.st.stm32cube.ide.mcu.externaltools.gnu-tools-for-stm32.9-2020-q2-update.win32_2.0.0.202105311346/tools/bin/../lib/gcc/arm-none-eabi/9.3.1/../../../../arm-none-eabi/lib/thumb/v7-m/nofp\libc_nano.a(lib_a-nano-mallocr.o)
                0x0000000020000180                __malloc_free_list
 .bss.__malloc_sbrk_start
                0x0000000020000184        0x4 d:/programs/stm32/stm32cubeide_1.7.0/stm32cubeide/plugins/com.st.stm32cube.ide.mcu.externaltools.gnu-tools-for-stm32.9-2020-q2-update.win32_2.0.0.202105311346/tools/bin/../lib/gcc/arm-none-eabi/9.3.1/../../../../arm-none-eabi/lib/thumb/v7-m/nofp\libc_nano.a(lib_a-nano-mallocr.o)
                0x0000000020000184                __malloc_sbrk_start
 *(COMMON)
 COMMON         0x0000000020000188       0x48 ./Core/Src/fsm_clock.o
                0x0000000020000188                htim3
 COMMON         0x00000000200001d0       0x5c ./Core/Src/global.o
                0x00000000200001d0                lcd
                0x00000000200001e8                mem3_time
                0x00000000200001f4                alarm_time
                0x0000000020000200                mem1_time
                0x000000002000020c                rDate
                0x0000000020000210                sport_time
                0x000000002000021c                rTime
                0x0000000020000220                mem2_time
 COMMON         0x000000002000022c       0x5c ./Core/Src/main.o
                0x000000002000022c                hrtc
                0x0000000020000240                htim2
 COMMON         0x0000000020000288       0x16 ./Core/Src/rtc.o
                0x0000000020000288                time
                0x0000000020000294                date
 *fill*         0x000000002000029e        0x2 
 COMMON         0x00000000200002a0        0x4 ./Core/Src/software_timer.o
                0x00000000200002a0                TIME_CYCLE
 COMMON         0x00000000200002a4        0x4 ./Drivers/STM32F1xx_HAL_Driver/Src/stm32f1xx_hal.o
                0x00000000200002a4                uwTick
 COMMON         0x00000000200002a8        0x4 d:/programs/stm32/stm32cubeide_1.7.0/stm32cubeide/plugins/com.st.stm32cube.ide.mcu.externaltools.gnu-tools-for-stm32.9-2020-q2-update.win32_2.0.0.202105311346/tools/bin/../lib/gcc/arm-none-eabi/9.3.1/../../../../arm-none-eabi/lib/thumb/v7-m/nofp\libc_nano.a(lib_a-reent.o)
                0x00000000200002a8                errno
 COMMON         0x00000000200002ac        0x9 d:/programs/stm32/stm32cubeide_1.7.0/stm32cubeide/plugins/com.st.stm32cube.ide.mcu.externaltools.gnu-tools-for-stm32.9-2020-q2-update.win32_2.0.0.202105311346/tools/bin/../lib/gcc/arm-none-eabi/9.3.1/../../../../arm-none-eabi/lib/thumb/v7-m/nofp\libc_nano.a(lib_a-lock.o)
                0x00000000200002ac                __lock___atexit_recursive_mutex
                0x00000000200002ad                __lock___arc4random_mutex
                0x00000000200002ae                __lock___env_recursive_mutex
                0x00000000200002af                __lock___sinit_recursive_mutex
                0x00000000200002b0                __lock___malloc_recursive_mutex
                0x00000000200002b1                __lock___at_quick_exit_mutex
                0x00000000200002b2                __lock___dd_hash_mutex
                0x00000000200002b3                __lock___tz_mutex
                0x00000000200002b4                __lock___sfp_recursive_mutex
                0x00000000200002b8                . = ALIGN (0x4)
 *fill*         0x00000000200002b5        0x3 
                0x00000000200002b8                _ebss = .
                0x00000000200002b8                __bss_end__ = _ebss

._user_heap_stack
                0x00000000200002b8      0x600 load address 0x00000000080059ac
                0x00000000200002b8                . = ALIGN (0x8)
                [!provide]                        PROVIDE (end = .)
                0x00000000200002b8                PROVIDE (_end = .)
                0x00000000200004b8                . = (. + _Min_Heap_Size)
 *fill*         0x00000000200002b8      0x200 
                0x00000000200008b8                . = (. + _Min_Stack_Size)
 *fill*         0x00000000200004b8      0x400 
                0x00000000200008b8                . = ALIGN (0x8)

/DISCARD/
 libc.a(*)
 libm.a(*)
 libgcc.a(*)

.ARM.attributes
                0x0000000000000000       0x29
 *(.ARM.attributes)
 .ARM.attributes
                0x0000000000000000       0x1d d:/programs/stm32/stm32cubeide_1.7.0/stm32cubeide/plugins/com.st.stm32cube.ide.mcu.externaltools.gnu-tools-for-stm32.9-2020-q2-update.win32_2.0.0.202105311346/tools/bin/../lib/gcc/arm-none-eabi/9.3.1/thumb/v7-m/nofp/crti.o
 .ARM.attributes
                0x000000000000001d       0x2d d:/programs/stm32/stm32cubeide_1.7.0/stm32cubeide/plugins/com.st.stm32cube.ide.mcu.externaltools.gnu-tools-for-stm32.9-2020-q2-update.win32_2.0.0.202105311346/tools/bin/../lib/gcc/arm-none-eabi/9.3.1/thumb/v7-m/nofp/crtbegin.o
 .ARM.attributes
                0x000000000000004a       0x2d ./Core/Src/button.o
 .ARM.attributes
                0x0000000000000077       0x2d ./Core/Src/fsm_clock.o
 .ARM.attributes
                0x00000000000000a4       0x2d ./Core/Src/global.o
 .ARM.attributes
                0x00000000000000d1       0x2d ./Core/Src/lcd1602.o
 .ARM.attributes
                0x00000000000000fe       0x2d ./Core/Src/main.o
 .ARM.attributes
                0x000000000000012b       0x2d ./Core/Src/rtc.o
 .ARM.attributes
                0x0000000000000158       0x2d ./Core/Src/software_timer.o
 .ARM.attributes
                0x0000000000000185       0x2d ./Core/Src/stm32f1xx_hal_msp.o
 .ARM.attributes
                0x00000000000001b2       0x2d ./Core/Src/stm32f1xx_it.o
 .ARM.attributes
                0x00000000000001df       0x2d ./Core/Src/sysmem.o
 .ARM.attributes
                0x000000000000020c       0x2d ./Core/Src/system_stm32f1xx.o
 .ARM.attributes
                0x0000000000000239       0x21 ./Core/Startup/startup_stm32f103rbtx.o
 .ARM.attributes
                0x000000000000025a       0x2d ./Drivers/STM32F1xx_HAL_Driver/Src/stm32f1xx_hal.o
 .ARM.attributes
                0x0000000000000287       0x2d ./Drivers/STM32F1xx_HAL_Driver/Src/stm32f1xx_hal_cortex.o
 .ARM.attributes
                0x00000000000002b4       0x2d ./Drivers/STM32F1xx_HAL_Driver/Src/stm32f1xx_hal_gpio.o
 .ARM.attributes
                0x00000000000002e1       0x2d ./Drivers/STM32F1xx_HAL_Driver/Src/stm32f1xx_hal_pwr.o
 .ARM.attributes
                0x000000000000030e       0x2d ./Drivers/STM32F1xx_HAL_Driver/Src/stm32f1xx_hal_rcc.o
 .ARM.attributes
                0x000000000000033b       0x2d ./Drivers/STM32F1xx_HAL_Driver/Src/stm32f1xx_hal_rcc_ex.o
 .ARM.attributes
                0x0000000000000368       0x2d ./Drivers/STM32F1xx_HAL_Driver/Src/stm32f1xx_hal_rtc.o
 .ARM.attributes
                0x0000000000000395       0x2d ./Drivers/STM32F1xx_HAL_Driver/Src/stm32f1xx_hal_rtc_ex.o
 .ARM.attributes
                0x00000000000003c2       0x2d ./Drivers/STM32F1xx_HAL_Driver/Src/stm32f1xx_hal_tim.o
 .ARM.attributes
                0x00000000000003ef       0x2d ./Drivers/STM32F1xx_HAL_Driver/Src/stm32f1xx_hal_tim_ex.o
 .ARM.attributes
                0x000000000000041c       0x2d d:/programs/stm32/stm32cubeide_1.7.0/stm32cubeide/plugins/com.st.stm32cube.ide.mcu.externaltools.gnu-tools-for-stm32.9-2020-q2-update.win32_2.0.0.202105311346/tools/bin/../lib/gcc/arm-none-eabi/9.3.1/../../../../arm-none-eabi/lib/thumb/v7-m/nofp\libc_nano.a(lib_a-errno.o)
 .ARM.attributes
                0x0000000000000449       0x2d d:/programs/stm32/stm32cubeide_1.7.0/stm32cubeide/plugins/com.st.stm32cube.ide.mcu.externaltools.gnu-tools-for-stm32.9-2020-q2-update.win32_2.0.0.202105311346/tools/bin/../lib/gcc/arm-none-eabi/9.3.1/../../../../arm-none-eabi/lib/thumb/v7-m/nofp\libc_nano.a(lib_a-impure.o)
 .ARM.attributes
                0x0000000000000476       0x2d d:/programs/stm32/stm32cubeide_1.7.0/stm32cubeide/plugins/com.st.stm32cube.ide.mcu.externaltools.gnu-tools-for-stm32.9-2020-q2-update.win32_2.0.0.202105311346/tools/bin/../lib/gcc/arm-none-eabi/9.3.1/../../../../arm-none-eabi/lib/thumb/v7-m/nofp\libc_nano.a(lib_a-init.o)
 .ARM.attributes
                0x00000000000004a3       0x2d d:/programs/stm32/stm32cubeide_1.7.0/stm32cubeide/plugins/com.st.stm32cube.ide.mcu.externaltools.gnu-tools-for-stm32.9-2020-q2-update.win32_2.0.0.202105311346/tools/bin/../lib/gcc/arm-none-eabi/9.3.1/../../../../arm-none-eabi/lib/thumb/v7-m/nofp\libc_nano.a(lib_a-memset.o)
 .ARM.attributes
                0x00000000000004d0       0x2d d:/programs/stm32/stm32cubeide_1.7.0/stm32cubeide/plugins/com.st.stm32cube.ide.mcu.externaltools.gnu-tools-for-stm32.9-2020-q2-update.win32_2.0.0.202105311346/tools/bin/../lib/gcc/arm-none-eabi/9.3.1/../../../../arm-none-eabi/lib/thumb/v7-m/nofp\libc_nano.a(lib_a-sprintf.o)
 .ARM.attributes
                0x00000000000004fd       0x17 d:/programs/stm32/stm32cubeide_1.7.0/stm32cubeide/plugins/com.st.stm32cube.ide.mcu.externaltools.gnu-tools-for-stm32.9-2020-q2-update.win32_2.0.0.202105311346/tools/bin/../lib/gcc/arm-none-eabi/9.3.1/../../../../arm-none-eabi/lib/thumb/v7-m/nofp\libc_nano.a(lib_a-strlen.o)
 .ARM.attributes
                0x0000000000000514       0x2d d:/programs/stm32/stm32cubeide_1.7.0/stm32cubeide/plugins/com.st.stm32cube.ide.mcu.externaltools.gnu-tools-for-stm32.9-2020-q2-update.win32_2.0.0.202105311346/tools/bin/../lib/gcc/arm-none-eabi/9.3.1/../../../../arm-none-eabi/lib/thumb/v7-m/nofp\libc_nano.a(lib_a-nano-svfprintf.o)
 .ARM.attributes
                0x0000000000000541       0x2d d:/programs/stm32/stm32cubeide_1.7.0/stm32cubeide/plugins/com.st.stm32cube.ide.mcu.externaltools.gnu-tools-for-stm32.9-2020-q2-update.win32_2.0.0.202105311346/tools/bin/../lib/gcc/arm-none-eabi/9.3.1/../../../../arm-none-eabi/lib/thumb/v7-m/nofp\libc_nano.a(lib_a-nano-vfprintf_i.o)
 .ARM.attributes
                0x000000000000056e       0x2d d:/programs/stm32/stm32cubeide_1.7.0/stm32cubeide/plugins/com.st.stm32cube.ide.mcu.externaltools.gnu-tools-for-stm32.9-2020-q2-update.win32_2.0.0.202105311346/tools/bin/../lib/gcc/arm-none-eabi/9.3.1/../../../../arm-none-eabi/lib/thumb/v7-m/nofp\libc_nano.a(lib_a-memchr-stub.o)
 .ARM.attributes
                0x000000000000059b       0x2d d:/programs/stm32/stm32cubeide_1.7.0/stm32cubeide/plugins/com.st.stm32cube.ide.mcu.externaltools.gnu-tools-for-stm32.9-2020-q2-update.win32_2.0.0.202105311346/tools/bin/../lib/gcc/arm-none-eabi/9.3.1/../../../../arm-none-eabi/lib/thumb/v7-m/nofp\libc_nano.a(lib_a-memcpy-stub.o)
 .ARM.attributes
                0x00000000000005c8       0x2d d:/programs/stm32/stm32cubeide_1.7.0/stm32cubeide/plugins/com.st.stm32cube.ide.mcu.externaltools.gnu-tools-for-stm32.9-2020-q2-update.win32_2.0.0.202105311346/tools/bin/../lib/gcc/arm-none-eabi/9.3.1/../../../../arm-none-eabi/lib/thumb/v7-m/nofp\libc_nano.a(lib_a-memmove.o)
 .ARM.attributes
                0x00000000000005f5       0x2d d:/programs/stm32/stm32cubeide_1.7.0/stm32cubeide/plugins/com.st.stm32cube.ide.mcu.externaltools.gnu-tools-for-stm32.9-2020-q2-update.win32_2.0.0.202105311346/tools/bin/../lib/gcc/arm-none-eabi/9.3.1/../../../../arm-none-eabi/lib/thumb/v7-m/nofp\libc_nano.a(lib_a-nano-freer.o)
 .ARM.attributes
                0x0000000000000622       0x2d d:/programs/stm32/stm32cubeide_1.7.0/stm32cubeide/plugins/com.st.stm32cube.ide.mcu.externaltools.gnu-tools-for-stm32.9-2020-q2-update.win32_2.0.0.202105311346/tools/bin/../lib/gcc/arm-none-eabi/9.3.1/../../../../arm-none-eabi/lib/thumb/v7-m/nofp\libc_nano.a(lib_a-nano-mallocr.o)
 .ARM.attributes
                0x000000000000064f       0x2d d:/programs/stm32/stm32cubeide_1.7.0/stm32cubeide/plugins/com.st.stm32cube.ide.mcu.externaltools.gnu-tools-for-stm32.9-2020-q2-update.win32_2.0.0.202105311346/tools/bin/../lib/gcc/arm-none-eabi/9.3.1/../../../../arm-none-eabi/lib/thumb/v7-m/nofp\libc_nano.a(lib_a-nano-reallocr.o)
 .ARM.attributes
                0x000000000000067c       0x2d d:/programs/stm32/stm32cubeide_1.7.0/stm32cubeide/plugins/com.st.stm32cube.ide.mcu.externaltools.gnu-tools-for-stm32.9-2020-q2-update.win32_2.0.0.202105311346/tools/bin/../lib/gcc/arm-none-eabi/9.3.1/../../../../arm-none-eabi/lib/thumb/v7-m/nofp\libc_nano.a(lib_a-sbrkr.o)
 .ARM.attributes
                0x00000000000006a9       0x2d d:/programs/stm32/stm32cubeide_1.7.0/stm32cubeide/plugins/com.st.stm32cube.ide.mcu.externaltools.gnu-tools-for-stm32.9-2020-q2-update.win32_2.0.0.202105311346/tools/bin/../lib/gcc/arm-none-eabi/9.3.1/../../../../arm-none-eabi/lib/thumb/v7-m/nofp\libc_nano.a(lib_a-mlock.o)
 .ARM.attributes
                0x00000000000006d6       0x2d d:/programs/stm32/stm32cubeide_1.7.0/stm32cubeide/plugins/com.st.stm32cube.ide.mcu.externaltools.gnu-tools-for-stm32.9-2020-q2-update.win32_2.0.0.202105311346/tools/bin/../lib/gcc/arm-none-eabi/9.3.1/../../../../arm-none-eabi/lib/thumb/v7-m/nofp\libc_nano.a(lib_a-nano-msizer.o)
 .ARM.attributes
                0x0000000000000703       0x2d d:/programs/stm32/stm32cubeide_1.7.0/stm32cubeide/plugins/com.st.stm32cube.ide.mcu.externaltools.gnu-tools-for-stm32.9-2020-q2-update.win32_2.0.0.202105311346/tools/bin/../lib/gcc/arm-none-eabi/9.3.1/../../../../arm-none-eabi/lib/thumb/v7-m/nofp\libc_nano.a(lib_a-reent.o)
 .ARM.attributes
                0x0000000000000730       0x2d d:/programs/stm32/stm32cubeide_1.7.0/stm32cubeide/plugins/com.st.stm32cube.ide.mcu.externaltools.gnu-tools-for-stm32.9-2020-q2-update.win32_2.0.0.202105311346/tools/bin/../lib/gcc/arm-none-eabi/9.3.1/../../../../arm-none-eabi/lib/thumb/v7-m/nofp\libc_nano.a(lib_a-lock.o)
 .ARM.attributes
                0x000000000000075d       0x1d d:/programs/stm32/stm32cubeide_1.7.0/stm32cubeide/plugins/com.st.stm32cube.ide.mcu.externaltools.gnu-tools-for-stm32.9-2020-q2-update.win32_2.0.0.202105311346/tools/bin/../lib/gcc/arm-none-eabi/9.3.1/thumb/v7-m/nofp\libgcc.a(_arm_addsubdf3.o)
 .ARM.attributes
                0x000000000000077a       0x1d d:/programs/stm32/stm32cubeide_1.7.0/stm32cubeide/plugins/com.st.stm32cube.ide.mcu.externaltools.gnu-tools-for-stm32.9-2020-q2-update.win32_2.0.0.202105311346/tools/bin/../lib/gcc/arm-none-eabi/9.3.1/thumb/v7-m/nofp\libgcc.a(_arm_muldivdf3.o)
 .ARM.attributes
                0x0000000000000797       0x1d d:/programs/stm32/stm32cubeide_1.7.0/stm32cubeide/plugins/com.st.stm32cube.ide.mcu.externaltools.gnu-tools-for-stm32.9-2020-q2-update.win32_2.0.0.202105311346/tools/bin/../lib/gcc/arm-none-eabi/9.3.1/thumb/v7-m/nofp\libgcc.a(_arm_fixdfsi.o)
 .ARM.attributes
                0x00000000000007b4       0x1d d:/programs/stm32/stm32cubeide_1.7.0/stm32cubeide/plugins/com.st.stm32cube.ide.mcu.externaltools.gnu-tools-for-stm32.9-2020-q2-update.win32_2.0.0.202105311346/tools/bin/../lib/gcc/arm-none-eabi/9.3.1/thumb/v7-m/nofp/crtn.o
OUTPUT(LDP.elf elf32-littlearm)
LOAD linker stubs
LOAD d:/programs/stm32/stm32cubeide_1.7.0/stm32cubeide/plugins/com.st.stm32cube.ide.mcu.externaltools.gnu-tools-for-stm32.9-2020-q2-update.win32_2.0.0.202105311346/tools/bin/../lib/gcc/arm-none-eabi/9.3.1/../../../../arm-none-eabi/lib/thumb/v7-m/nofp\libc.a
LOAD d:/programs/stm32/stm32cubeide_1.7.0/stm32cubeide/plugins/com.st.stm32cube.ide.mcu.externaltools.gnu-tools-for-stm32.9-2020-q2-update.win32_2.0.0.202105311346/tools/bin/../lib/gcc/arm-none-eabi/9.3.1/../../../../arm-none-eabi/lib/thumb/v7-m/nofp\libm.a
LOAD d:/programs/stm32/stm32cubeide_1.7.0/stm32cubeide/plugins/com.st.stm32cube.ide.mcu.externaltools.gnu-tools-for-stm32.9-2020-q2-update.win32_2.0.0.202105311346/tools/bin/../lib/gcc/arm-none-eabi/9.3.1/thumb/v7-m/nofp\libgcc.a

.debug_info     0x0000000000000000    0x104ed
 .debug_info    0x0000000000000000      0x381 ./Core/Src/button.o
 .debug_info    0x0000000000000381     0x137d ./Core/Src/fsm_clock.o
 .debug_info    0x00000000000016fe      0xde0 ./Core/Src/global.o
 .debug_info    0x00000000000024de      0xe73 ./Core/Src/lcd1602.o
 .debug_info    0x0000000000003351     0x1b4f ./Core/Src/main.o
 .debug_info    0x0000000000004ea0      0xf13 ./Core/Src/rtc.o
 .debug_info    0x0000000000005db3      0x113 ./Core/Src/software_timer.o
 .debug_info    0x0000000000005ec6      0xda8 ./Core/Src/stm32f1xx_hal_msp.o
 .debug_info    0x0000000000006c6e      0x80e ./Core/Src/stm32f1xx_it.o
 .debug_info    0x000000000000747c      0xa25 ./Core/Src/sysmem.o
 .debug_info    0x0000000000007ea1      0x2be ./Core/Src/system_stm32f1xx.o
 .debug_info    0x000000000000815f       0x22 ./Core/Startup/startup_stm32f103rbtx.o
 .debug_info    0x0000000000008181      0x76a ./Drivers/STM32F1xx_HAL_Driver/Src/stm32f1xx_hal.o
 .debug_info    0x00000000000088eb      0xbdc ./Drivers/STM32F1xx_HAL_Driver/Src/stm32f1xx_hal_cortex.o
 .debug_info    0x00000000000094c7      0x701 ./Drivers/STM32F1xx_HAL_Driver/Src/stm32f1xx_hal_gpio.o
 .debug_info    0x0000000000009bc8      0x730 ./Drivers/STM32F1xx_HAL_Driver/Src/stm32f1xx_hal_pwr.o
 .debug_info    0x000000000000a2f8      0x88e ./Drivers/STM32F1xx_HAL_Driver/Src/stm32f1xx_hal_rcc.o
 .debug_info    0x000000000000ab86      0x480 ./Drivers/STM32F1xx_HAL_Driver/Src/stm32f1xx_hal_rcc_ex.o
 .debug_info    0x000000000000b006      0xdf9 ./Drivers/STM32F1xx_HAL_Driver/Src/stm32f1xx_hal_rtc.o
 .debug_info    0x000000000000bdff      0x7d4 ./Drivers/STM32F1xx_HAL_Driver/Src/stm32f1xx_hal_rtc_ex.o
 .debug_info    0x000000000000c5d3     0x2a45 ./Drivers/STM32F1xx_HAL_Driver/Src/stm32f1xx_hal_tim.o
 .debug_info    0x000000000000f018     0x14d5 ./Drivers/STM32F1xx_HAL_Driver/Src/stm32f1xx_hal_tim_ex.o

.debug_abbrev   0x0000000000000000     0x2afe
 .debug_abbrev  0x0000000000000000      0x177 ./Core/Src/button.o
 .debug_abbrev  0x0000000000000177      0x269 ./Core/Src/fsm_clock.o
 .debug_abbrev  0x00000000000003e0      0x21e ./Core/Src/global.o
 .debug_abbrev  0x00000000000005fe      0x25f ./Core/Src/lcd1602.o
 .debug_abbrev  0x000000000000085d      0x302 ./Core/Src/main.o
 .debug_abbrev  0x0000000000000b5f      0x1f1 ./Core/Src/rtc.o
 .debug_abbrev  0x0000000000000d50       0xef ./Core/Src/software_timer.o
 .debug_abbrev  0x0000000000000e3f      0x1e4 ./Core/Src/stm32f1xx_hal_msp.o
 .debug_abbrev  0x0000000000001023      0x176 ./Core/Src/stm32f1xx_it.o
 .debug_abbrev  0x0000000000001199      0x1bf ./Core/Src/sysmem.o
 .debug_abbrev  0x0000000000001358      0x14e ./Core/Src/system_stm32f1xx.o
 .debug_abbrev  0x00000000000014a6       0x12 ./Core/Startup/startup_stm32f103rbtx.o
 .debug_abbrev  0x00000000000014b8      0x1ed ./Drivers/STM32F1xx_HAL_Driver/Src/stm32f1xx_hal.o
 .debug_abbrev  0x00000000000016a5      0x313 ./Drivers/STM32F1xx_HAL_Driver/Src/stm32f1xx_hal_cortex.o
 .debug_abbrev  0x00000000000019b8      0x1e8 ./Drivers/STM32F1xx_HAL_Driver/Src/stm32f1xx_hal_gpio.o
 .debug_abbrev  0x0000000000001ba0      0x213 ./Drivers/STM32F1xx_HAL_Driver/Src/stm32f1xx_hal_pwr.o
 .debug_abbrev  0x0000000000001db3      0x273 ./Drivers/STM32F1xx_HAL_Driver/Src/stm32f1xx_hal_rcc.o
 .debug_abbrev  0x0000000000002026      0x193 ./Drivers/STM32F1xx_HAL_Driver/Src/stm32f1xx_hal_rcc_ex.o
 .debug_abbrev  0x00000000000021b9      0x236 ./Drivers/STM32F1xx_HAL_Driver/Src/stm32f1xx_hal_rtc.o
 .debug_abbrev  0x00000000000023ef      0x24b ./Drivers/STM32F1xx_HAL_Driver/Src/stm32f1xx_hal_rtc_ex.o
 .debug_abbrev  0x000000000000263a      0x25e ./Drivers/STM32F1xx_HAL_Driver/Src/stm32f1xx_hal_tim.o
 .debug_abbrev  0x0000000000002898      0x266 ./Drivers/STM32F1xx_HAL_Driver/Src/stm32f1xx_hal_tim_ex.o

.debug_aranges  0x0000000000000000      0xd58
 .debug_aranges
                0x0000000000000000       0x30 ./Core/Src/button.o
 .debug_aranges
                0x0000000000000030       0x50 ./Core/Src/fsm_clock.o
 .debug_aranges
                0x0000000000000080       0x28 ./Core/Src/global.o
 .debug_aranges
                0x00000000000000a8       0x68 ./Core/Src/lcd1602.o
 .debug_aranges
                0x0000000000000110       0x58 ./Core/Src/main.o
 .debug_aranges
                0x0000000000000168       0x30 ./Core/Src/rtc.o
 .debug_aranges
                0x0000000000000198       0x30 ./Core/Src/software_timer.o
 .debug_aranges
                0x00000000000001c8       0x48 ./Core/Src/stm32f1xx_hal_msp.o
 .debug_aranges
                0x0000000000000210       0x80 ./Core/Src/stm32f1xx_it.o
 .debug_aranges
                0x0000000000000290       0x20 ./Core/Src/sysmem.o
 .debug_aranges
                0x00000000000002b0       0x28 ./Core/Src/system_stm32f1xx.o
 .debug_aranges
                0x00000000000002d8       0x28 ./Core/Startup/startup_stm32f103rbtx.o
 .debug_aranges
                0x0000000000000300       0xe0 ./Drivers/STM32F1xx_HAL_Driver/Src/stm32f1xx_hal.o
 .debug_aranges
                0x00000000000003e0      0x100 ./Drivers/STM32F1xx_HAL_Driver/Src/stm32f1xx_hal_cortex.o
 .debug_aranges
                0x00000000000004e0       0x58 ./Drivers/STM32F1xx_HAL_Driver/Src/stm32f1xx_hal_gpio.o
 .debug_aranges
                0x0000000000000538       0xa8 ./Drivers/STM32F1xx_HAL_Driver/Src/stm32f1xx_hal_pwr.o
 .debug_aranges
                0x00000000000005e0       0x90 ./Drivers/STM32F1xx_HAL_Driver/Src/stm32f1xx_hal_rcc.o
 .debug_aranges
                0x0000000000000670       0x30 ./Drivers/STM32F1xx_HAL_Driver/Src/stm32f1xx_hal_rcc_ex.o
 .debug_aranges
                0x00000000000006a0       0xf8 ./Drivers/STM32F1xx_HAL_Driver/Src/stm32f1xx_hal_rtc.o
 .debug_aranges
                0x0000000000000798       0x88 ./Drivers/STM32F1xx_HAL_Driver/Src/stm32f1xx_hal_rtc_ex.o
 .debug_aranges
                0x0000000000000820      0x3d0 ./Drivers/STM32F1xx_HAL_Driver/Src/stm32f1xx_hal_tim.o
 .debug_aranges
                0x0000000000000bf0      0x168 ./Drivers/STM32F1xx_HAL_Driver/Src/stm32f1xx_hal_tim_ex.o

.debug_ranges   0x0000000000000000      0xc00
 .debug_ranges  0x0000000000000000       0x20 ./Core/Src/button.o
 .debug_ranges  0x0000000000000020       0x40 ./Core/Src/fsm_clock.o
 .debug_ranges  0x0000000000000060       0x18 ./Core/Src/global.o
 .debug_ranges  0x0000000000000078       0x58 ./Core/Src/lcd1602.o
 .debug_ranges  0x00000000000000d0       0x48 ./Core/Src/main.o
 .debug_ranges  0x0000000000000118       0x20 ./Core/Src/rtc.o
 .debug_ranges  0x0000000000000138       0x20 ./Core/Src/software_timer.o
 .debug_ranges  0x0000000000000158       0x38 ./Core/Src/stm32f1xx_hal_msp.o
 .debug_ranges  0x0000000000000190       0x70 ./Core/Src/stm32f1xx_it.o
 .debug_ranges  0x0000000000000200       0x10 ./Core/Src/sysmem.o
 .debug_ranges  0x0000000000000210       0x18 ./Core/Src/system_stm32f1xx.o
 .debug_ranges  0x0000000000000228       0x20 ./Core/Startup/startup_stm32f103rbtx.o
 .debug_ranges  0x0000000000000248       0xd0 ./Drivers/STM32F1xx_HAL_Driver/Src/stm32f1xx_hal.o
 .debug_ranges  0x0000000000000318       0xf0 ./Drivers/STM32F1xx_HAL_Driver/Src/stm32f1xx_hal_cortex.o
 .debug_ranges  0x0000000000000408       0x48 ./Drivers/STM32F1xx_HAL_Driver/Src/stm32f1xx_hal_gpio.o
 .debug_ranges  0x0000000000000450       0x98 ./Drivers/STM32F1xx_HAL_Driver/Src/stm32f1xx_hal_pwr.o
 .debug_ranges  0x00000000000004e8       0x80 ./Drivers/STM32F1xx_HAL_Driver/Src/stm32f1xx_hal_rcc.o
 .debug_ranges  0x0000000000000568       0x20 ./Drivers/STM32F1xx_HAL_Driver/Src/stm32f1xx_hal_rcc_ex.o
 .debug_ranges  0x0000000000000588       0xe8 ./Drivers/STM32F1xx_HAL_Driver/Src/stm32f1xx_hal_rtc.o
 .debug_ranges  0x0000000000000670       0x78 ./Drivers/STM32F1xx_HAL_Driver/Src/stm32f1xx_hal_rtc_ex.o
 .debug_ranges  0x00000000000006e8      0x3c0 ./Drivers/STM32F1xx_HAL_Driver/Src/stm32f1xx_hal_tim.o
 .debug_ranges  0x0000000000000aa8      0x158 ./Drivers/STM32F1xx_HAL_Driver/Src/stm32f1xx_hal_tim_ex.o

.debug_macro    0x0000000000000000    0x19279
 .debug_macro   0x0000000000000000      0x1d4 ./Core/Src/button.o
 .debug_macro   0x00000000000001d4      0xa9c ./Core/Src/button.o
 .debug_macro   0x0000000000000c70      0x21b ./Core/Src/button.o
 .debug_macro   0x0000000000000e8b       0x2e ./Core/Src/button.o
 .debug_macro   0x0000000000000eb9       0x22 ./Core/Src/button.o
 .debug_macro   0x0000000000000edb       0x22 ./Core/Src/button.o
 .debug_macro   0x0000000000000efd       0x8e ./Core/Src/button.o
 .debug_macro   0x0000000000000f8b       0x51 ./Core/Src/button.o
 .debug_macro   0x0000000000000fdc      0x103 ./Core/Src/button.o
 .debug_macro   0x00000000000010df       0x6a ./Core/Src/button.o
 .debug_macro   0x0000000000001149      0x1df ./Core/Src/button.o
 .debug_macro   0x0000000000001328       0x1c ./Core/Src/button.o
 .debug_macro   0x0000000000001344       0x22 ./Core/Src/button.o
 .debug_macro   0x0000000000001366       0xc3 ./Core/Src/button.o
 .debug_macro   0x0000000000001429      0xd23 ./Core/Src/button.o
 .debug_macro   0x000000000000214c     0xe09e ./Core/Src/button.o
 .debug_macro   0x00000000000101ea       0x6d ./Core/Src/button.o
 .debug_macro   0x0000000000010257     0x3468 ./Core/Src/button.o
 .debug_macro   0x00000000000136bf      0x174 ./Core/Src/button.o
 .debug_macro   0x0000000000013833       0x5c ./Core/Src/button.o
 .debug_macro   0x000000000001388f      0x5be ./Core/Src/button.o
 .debug_macro   0x0000000000013e4d      0x289 ./Core/Src/button.o
 .debug_macro   0x00000000000140d6      0x1cb ./Core/Src/button.o
 .debug_macro   0x00000000000142a1      0x114 ./Core/Src/button.o
 .debug_macro   0x00000000000143b5      0x1b2 ./Core/Src/button.o
 .debug_macro   0x0000000000014567       0x27 ./Core/Src/button.o
 .debug_macro   0x000000000001458e      0x136 ./Core/Src/button.o
 .debug_macro   0x00000000000146c4      0x1bc ./Core/Src/button.o
 .debug_macro   0x0000000000014880       0x34 ./Core/Src/button.o
 .debug_macro   0x00000000000148b4       0x3c ./Core/Src/button.o
 .debug_macro   0x00000000000148f0       0x57 ./Core/Src/button.o
 .debug_macro   0x0000000000014947       0x88 ./Core/Src/button.o
 .debug_macro   0x00000000000149cf      0x241 ./Core/Src/button.o
 .debug_macro   0x0000000000014c10      0x141 ./Core/Src/button.o
 .debug_macro   0x0000000000014d51      0x1ef ./Core/Src/button.o
 .debug_macro   0x0000000000014f40       0xec ./Core/Src/button.o
 .debug_macro   0x000000000001502c      0x8d1 ./Core/Src/button.o
 .debug_macro   0x00000000000158fd       0x83 ./Core/Src/button.o
 .debug_macro   0x0000000000015980       0xa6 ./Core/Src/button.o
 .debug_macro   0x0000000000015a26       0x10 ./Core/Src/button.o
 .debug_macro   0x0000000000015a36       0x16 ./Core/Src/button.o
 .debug_macro   0x0000000000015a4c      0x393 ./Core/Src/fsm_clock.o
 .debug_macro   0x0000000000015ddf       0x52 ./Core/Src/fsm_clock.o
 .debug_macro   0x0000000000015e31       0x18 ./Core/Src/fsm_clock.o
 .debug_macro   0x0000000000015e49       0x3c ./Core/Src/fsm_clock.o
 .debug_macro   0x0000000000015e85       0x34 ./Core/Src/fsm_clock.o
 .debug_macro   0x0000000000015eb9       0x16 ./Core/Src/fsm_clock.o
 .debug_macro   0x0000000000015ecf       0x43 ./Core/Src/fsm_clock.o
 .debug_macro   0x0000000000015f12       0x34 ./Core/Src/fsm_clock.o
 .debug_macro   0x0000000000015f46       0x10 ./Core/Src/fsm_clock.o
 .debug_macro   0x0000000000015f56       0x58 ./Core/Src/fsm_clock.o
 .debug_macro   0x0000000000015fae       0x71 ./Core/Src/fsm_clock.o
 .debug_macro   0x000000000001601f       0x1c ./Core/Src/fsm_clock.o
 .debug_macro   0x000000000001603b      0x12a ./Core/Src/fsm_clock.o
 .debug_macro   0x0000000000016165      0x333 ./Core/Src/fsm_clock.o
 .debug_macro   0x0000000000016498       0x10 ./Core/Src/fsm_clock.o
 .debug_macro   0x00000000000164a8       0x35 ./Core/Src/fsm_clock.o
 .debug_macro   0x00000000000164dd       0x20 ./Core/Src/fsm_clock.o
 .debug_macro   0x00000000000164fd       0x1c ./Core/Src/fsm_clock.o
 .debug_macro   0x0000000000016519       0x10 ./Core/Src/fsm_clock.o
 .debug_macro   0x0000000000016529       0x10 ./Core/Src/fsm_clock.o
 .debug_macro   0x0000000000016539       0x1c ./Core/Src/fsm_clock.o
 .debug_macro   0x0000000000016555       0x52 ./Core/Src/fsm_clock.o
 .debug_macro   0x00000000000165a7       0x22 ./Core/Src/fsm_clock.o
 .debug_macro   0x00000000000165c9       0x10 ./Core/Src/fsm_clock.o
 .debug_macro   0x00000000000165d9       0x40 ./Core/Src/fsm_clock.o
 .debug_macro   0x0000000000016619       0xd5 ./Core/Src/fsm_clock.o
 .debug_macro   0x00000000000166ee       0x1c ./Core/Src/fsm_clock.o
 .debug_macro   0x000000000001670a       0x3d ./Core/Src/fsm_clock.o
 .debug_macro   0x0000000000016747       0x16 ./Core/Src/fsm_clock.o
 .debug_macro   0x000000000001675d      0x145 ./Core/Src/fsm_clock.o
 .debug_macro   0x00000000000168a2       0xac ./Core/Src/fsm_clock.o
 .debug_macro   0x000000000001694e       0x9a ./Core/Src/fsm_clock.o
 .debug_macro   0x00000000000169e8       0x52 ./Core/Src/fsm_clock.o
 .debug_macro   0x0000000000016a3a      0x371 ./Core/Src/global.o
 .debug_macro   0x0000000000016dab      0x354 ./Core/Src/lcd1602.o
 .debug_macro   0x00000000000170ff      0x3ad ./Core/Src/main.o
 .debug_macro   0x00000000000174ac      0x377 ./Core/Src/rtc.o
 .debug_macro   0x0000000000017823       0x1a ./Core/Src/software_timer.o
 .debug_macro   0x000000000001783d      0x1bc ./Core/Src/stm32f1xx_hal_msp.o
 .debug_macro   0x00000000000179f9      0x1c6 ./Core/Src/stm32f1xx_it.o
 .debug_macro   0x0000000000017bbf       0xff ./Core/Src/sysmem.o
 .debug_macro   0x0000000000017cbe      0x23b ./Core/Src/sysmem.o
 .debug_macro   0x0000000000017ef9      0x1ad ./Core/Src/system_stm32f1xx.o
 .debug_macro   0x00000000000180a6      0x1d1 ./Drivers/STM32F1xx_HAL_Driver/Src/stm32f1xx_hal.o
 .debug_macro   0x0000000000018277      0x1ad ./Drivers/STM32F1xx_HAL_Driver/Src/stm32f1xx_hal_cortex.o
 .debug_macro   0x0000000000018424      0x218 ./Drivers/STM32F1xx_HAL_Driver/Src/stm32f1xx_hal_gpio.o
 .debug_macro   0x000000000001863c      0x20d ./Drivers/STM32F1xx_HAL_Driver/Src/stm32f1xx_hal_pwr.o
 .debug_macro   0x0000000000018849      0x1bf ./Drivers/STM32F1xx_HAL_Driver/Src/stm32f1xx_hal_rcc.o
 .debug_macro   0x0000000000018a08      0x1ad ./Drivers/STM32F1xx_HAL_Driver/Src/stm32f1xx_hal_rcc_ex.o
 .debug_macro   0x0000000000018bb5      0x1bc ./Drivers/STM32F1xx_HAL_Driver/Src/stm32f1xx_hal_rtc.o
 .debug_macro   0x0000000000018d71      0x1ad ./Drivers/STM32F1xx_HAL_Driver/Src/stm32f1xx_hal_rtc_ex.o
 .debug_macro   0x0000000000018f1e      0x1ae ./Drivers/STM32F1xx_HAL_Driver/Src/stm32f1xx_hal_tim.o
 .debug_macro   0x00000000000190cc      0x1ad ./Drivers/STM32F1xx_HAL_Driver/Src/stm32f1xx_hal_tim_ex.o

.debug_line     0x0000000000000000     0xffcb
 .debug_line    0x0000000000000000      0x7d6 ./Core/Src/button.o
 .debug_line    0x00000000000007d6      0xd39 ./Core/Src/fsm_clock.o
 .debug_line    0x000000000000150f      0x945 ./Core/Src/global.o
 .debug_line    0x0000000000001e54      0xa9e ./Core/Src/lcd1602.o
 .debug_line    0x00000000000028f2      0xb98 ./Core/Src/main.o
 .debug_line    0x000000000000348a      0x971 ./Core/Src/rtc.o
 .debug_line    0x0000000000003dfb       0xd1 ./Core/Src/software_timer.o
 .debug_line    0x0000000000003ecc      0x78c ./Core/Src/stm32f1xx_hal_msp.o
 .debug_line    0x0000000000004658      0x7e3 ./Core/Src/stm32f1xx_it.o
 .debug_line    0x0000000000004e3b      0x534 ./Core/Src/sysmem.o
 .debug_line    0x000000000000536f      0x744 ./Core/Src/system_stm32f1xx.o
 .debug_line    0x0000000000005ab3       0x87 ./Core/Startup/startup_stm32f103rbtx.o
 .debug_line    0x0000000000005b3a      0x971 ./Drivers/STM32F1xx_HAL_Driver/Src/stm32f1xx_hal.o
 .debug_line    0x00000000000064ab      0xb59 ./Drivers/STM32F1xx_HAL_Driver/Src/stm32f1xx_hal_cortex.o
 .debug_line    0x0000000000007004      0xa08 ./Drivers/STM32F1xx_HAL_Driver/Src/stm32f1xx_hal_gpio.o
 .debug_line    0x0000000000007a0c      0x8f3 ./Drivers/STM32F1xx_HAL_Driver/Src/stm32f1xx_hal_pwr.o
 .debug_line    0x00000000000082ff      0xd7f ./Drivers/STM32F1xx_HAL_Driver/Src/stm32f1xx_hal_rcc.o
 .debug_line    0x000000000000907e      0x8bd ./Drivers/STM32F1xx_HAL_Driver/Src/stm32f1xx_hal_rcc_ex.o
 .debug_line    0x000000000000993b     0x10e3 ./Drivers/STM32F1xx_HAL_Driver/Src/stm32f1xx_hal_rtc.o
 .debug_line    0x000000000000aa1e      0x9fa ./Drivers/STM32F1xx_HAL_Driver/Src/stm32f1xx_hal_rtc_ex.o
 .debug_line    0x000000000000b418     0x331a ./Drivers/STM32F1xx_HAL_Driver/Src/stm32f1xx_hal_tim.o
 .debug_line    0x000000000000e732     0x1899 ./Drivers/STM32F1xx_HAL_Driver/Src/stm32f1xx_hal_tim_ex.o

.debug_str      0x0000000000000000    0x8b413
 .debug_str     0x0000000000000000    0x8328c ./Core/Src/button.o
                                      0x835da (size before relaxing)
 .debug_str     0x000000000008328c     0x48ec ./Core/Src/fsm_clock.o
                                      0x87f81 (size before relaxing)
 .debug_str     0x0000000000087b78       0x2b ./Core/Src/global.o
                                      0x879af (size before relaxing)
 .debug_str     0x0000000000087ba3       0xa7 ./Core/Src/lcd1602.o
                                      0x878bb (size before relaxing)
 .debug_str     0x0000000000087c4a      0x736 ./Core/Src/main.o
                                      0x886b0 (size before relaxing)
 .debug_str     0x0000000000088380       0x31 ./Core/Src/rtc.o
                                      0x87b16 (size before relaxing)
 .debug_str     0x00000000000883b1       0x51 ./Core/Src/software_timer.o
                                       0x2dfe (size before relaxing)
 .debug_str     0x0000000000088402       0xc6 ./Core/Src/stm32f1xx_hal_msp.o
                                      0x83e8f (size before relaxing)
 .debug_str     0x00000000000884c8      0x101 ./Core/Src/stm32f1xx_it.o
                                      0x83a47 (size before relaxing)
 .debug_str     0x00000000000885c9      0x4e9 ./Core/Src/sysmem.o
                                       0x625c (size before relaxing)
 .debug_str     0x0000000000088ab2       0x52 ./Core/Src/system_stm32f1xx.o
                                      0x832a4 (size before relaxing)
 .debug_str     0x0000000000088b04       0x36 ./Core/Startup/startup_stm32f103rbtx.o
                                         0x70 (size before relaxing)
 .debug_str     0x0000000000088b3a      0x304 ./Drivers/STM32F1xx_HAL_Driver/Src/stm32f1xx_hal.o
                                      0x83935 (size before relaxing)
 .debug_str     0x0000000000088e3e      0x300 ./Drivers/STM32F1xx_HAL_Driver/Src/stm32f1xx_hal_cortex.o
                                      0x8393d (size before relaxing)
 .debug_str     0x000000000008913e      0x324 ./Drivers/STM32F1xx_HAL_Driver/Src/stm32f1xx_hal_gpio.o
                                      0x83668 (size before relaxing)
 .debug_str     0x0000000000089462      0x507 ./Drivers/STM32F1xx_HAL_Driver/Src/stm32f1xx_hal_pwr.o
                                      0x83807 (size before relaxing)
 .debug_str     0x0000000000089969      0x243 ./Drivers/STM32F1xx_HAL_Driver/Src/stm32f1xx_hal_rcc.o
                                      0x836a1 (size before relaxing)
 .debug_str     0x0000000000089bac       0xb9 ./Drivers/STM32F1xx_HAL_Driver/Src/stm32f1xx_hal_rcc_ex.o
                                      0x8342e (size before relaxing)
 .debug_str     0x0000000000089c65      0x347 ./Drivers/STM32F1xx_HAL_Driver/Src/stm32f1xx_hal_rtc.o
                                      0x837b4 (size before relaxing)
 .debug_str     0x0000000000089fac      0x206 ./Drivers/STM32F1xx_HAL_Driver/Src/stm32f1xx_hal_rtc_ex.o
                                      0x83611 (size before relaxing)
 .debug_str     0x000000000008a1b2      0xd73 ./Drivers/STM32F1xx_HAL_Driver/Src/stm32f1xx_hal_tim.o
                                      0x84673 (size before relaxing)
 .debug_str     0x000000000008af25      0x4ee ./Drivers/STM32F1xx_HAL_Driver/Src/stm32f1xx_hal_tim_ex.o
                                      0x83e24 (size before relaxing)

.comment        0x0000000000000000       0x53
 .comment       0x0000000000000000       0x53 ./Core/Src/button.o
                                         0x54 (size before relaxing)
 .comment       0x0000000000000053       0x54 ./Core/Src/fsm_clock.o
 .comment       0x0000000000000053       0x54 ./Core/Src/global.o
 .comment       0x0000000000000053       0x54 ./Core/Src/lcd1602.o
 .comment       0x0000000000000053       0x54 ./Core/Src/main.o
 .comment       0x0000000000000053       0x54 ./Core/Src/rtc.o
 .comment       0x0000000000000053       0x54 ./Core/Src/software_timer.o
 .comment       0x0000000000000053       0x54 ./Core/Src/stm32f1xx_hal_msp.o
 .comment       0x0000000000000053       0x54 ./Core/Src/stm32f1xx_it.o
 .comment       0x0000000000000053       0x54 ./Core/Src/sysmem.o
 .comment       0x0000000000000053       0x54 ./Core/Src/system_stm32f1xx.o
 .comment       0x0000000000000053       0x54 ./Drivers/STM32F1xx_HAL_Driver/Src/stm32f1xx_hal.o
 .comment       0x0000000000000053       0x54 ./Drivers/STM32F1xx_HAL_Driver/Src/stm32f1xx_hal_cortex.o
 .comment       0x0000000000000053       0x54 ./Drivers/STM32F1xx_HAL_Driver/Src/stm32f1xx_hal_gpio.o
 .comment       0x0000000000000053       0x54 ./Drivers/STM32F1xx_HAL_Driver/Src/stm32f1xx_hal_pwr.o
 .comment       0x0000000000000053       0x54 ./Drivers/STM32F1xx_HAL_Driver/Src/stm32f1xx_hal_rcc.o
 .comment       0x0000000000000053       0x54 ./Drivers/STM32F1xx_HAL_Driver/Src/stm32f1xx_hal_rcc_ex.o
 .comment       0x0000000000000053       0x54 ./Drivers/STM32F1xx_HAL_Driver/Src/stm32f1xx_hal_rtc.o
 .comment       0x0000000000000053       0x54 ./Drivers/STM32F1xx_HAL_Driver/Src/stm32f1xx_hal_rtc_ex.o
 .comment       0x0000000000000053       0x54 ./Drivers/STM32F1xx_HAL_Driver/Src/stm32f1xx_hal_tim.o
 .comment       0x0000000000000053       0x54 ./Drivers/STM32F1xx_HAL_Driver/Src/stm32f1xx_hal_tim_ex.o

.debug_frame    0x0000000000000000     0x3a0c
 .debug_frame   0x0000000000000000       0x84 ./Core/Src/button.o
 .debug_frame   0x0000000000000084      0x100 ./Core/Src/fsm_clock.o
 .debug_frame   0x0000000000000184       0x60 ./Core/Src/global.o
 .debug_frame   0x00000000000001e4      0x180 ./Core/Src/lcd1602.o
 .debug_frame   0x0000000000000364      0x128 ./Core/Src/main.o
 .debug_frame   0x000000000000048c       0x6c ./Core/Src/rtc.o
 .debug_frame   0x00000000000004f8       0x88 ./Core/Src/software_timer.o
 .debug_frame   0x0000000000000580       0xec ./Core/Src/stm32f1xx_hal_msp.o
 .debug_frame   0x000000000000066c      0x178 ./Core/Src/stm32f1xx_it.o
 .debug_frame   0x00000000000007e4       0x34 ./Core/Src/sysmem.o
 .debug_frame   0x0000000000000818       0x58 ./Core/Src/system_stm32f1xx.o
 .debug_frame   0x0000000000000870      0x334 ./Drivers/STM32F1xx_HAL_Driver/Src/stm32f1xx_hal.o
 .debug_frame   0x0000000000000ba4      0x428 ./Drivers/STM32F1xx_HAL_Driver/Src/stm32f1xx_hal_cortex.o
 .debug_frame   0x0000000000000fcc      0x14c ./Drivers/STM32F1xx_HAL_Driver/Src/stm32f1xx_hal_gpio.o
 .debug_frame   0x0000000000001118      0x270 ./Drivers/STM32F1xx_HAL_Driver/Src/stm32f1xx_hal_pwr.o
 .debug_frame   0x0000000000001388      0x21c ./Drivers/STM32F1xx_HAL_Driver/Src/stm32f1xx_hal_rcc.o
 .debug_frame   0x00000000000015a4       0x84 ./Drivers/STM32F1xx_HAL_Driver/Src/stm32f1xx_hal_rcc_ex.o
 .debug_frame   0x0000000000001628      0x434 ./Drivers/STM32F1xx_HAL_Driver/Src/stm32f1xx_hal_rtc.o
 .debug_frame   0x0000000000001a5c      0x234 ./Drivers/STM32F1xx_HAL_Driver/Src/stm32f1xx_hal_rtc_ex.o
 .debug_frame   0x0000000000001c90     0x11b8 ./Drivers/STM32F1xx_HAL_Driver/Src/stm32f1xx_hal_tim.o
 .debug_frame   0x0000000000002e48      0x638 ./Drivers/STM32F1xx_HAL_Driver/Src/stm32f1xx_hal_tim_ex.o
 .debug_frame   0x0000000000003480       0x20 d:/programs/stm32/stm32cubeide_1.7.0/stm32cubeide/plugins/com.st.stm32cube.ide.mcu.externaltools.gnu-tools-for-stm32.9-2020-q2-update.win32_2.0.0.202105311346/tools/bin/../lib/gcc/arm-none-eabi/9.3.1/../../../../arm-none-eabi/lib/thumb/v7-m/nofp\libc_nano.a(lib_a-errno.o)
 .debug_frame   0x00000000000034a0       0x2c d:/programs/stm32/stm32cubeide_1.7.0/stm32cubeide/plugins/com.st.stm32cube.ide.mcu.externaltools.gnu-tools-for-stm32.9-2020-q2-update.win32_2.0.0.202105311346/tools/bin/../lib/gcc/arm-none-eabi/9.3.1/../../../../arm-none-eabi/lib/thumb/v7-m/nofp\libc_nano.a(lib_a-init.o)
 .debug_frame   0x00000000000034cc       0x20 d:/programs/stm32/stm32cubeide_1.7.0/stm32cubeide/plugins/com.st.stm32cube.ide.mcu.externaltools.gnu-tools-for-stm32.9-2020-q2-update.win32_2.0.0.202105311346/tools/bin/../lib/gcc/arm-none-eabi/9.3.1/../../../../arm-none-eabi/lib/thumb/v7-m/nofp\libc_nano.a(lib_a-memset.o)
 .debug_frame   0x00000000000034ec       0x6c d:/programs/stm32/stm32cubeide_1.7.0/stm32cubeide/plugins/com.st.stm32cube.ide.mcu.externaltools.gnu-tools-for-stm32.9-2020-q2-update.win32_2.0.0.202105311346/tools/bin/../lib/gcc/arm-none-eabi/9.3.1/../../../../arm-none-eabi/lib/thumb/v7-m/nofp\libc_nano.a(lib_a-sprintf.o)
 .debug_frame   0x0000000000003558       0x90 d:/programs/stm32/stm32cubeide_1.7.0/stm32cubeide/plugins/com.st.stm32cube.ide.mcu.externaltools.gnu-tools-for-stm32.9-2020-q2-update.win32_2.0.0.202105311346/tools/bin/../lib/gcc/arm-none-eabi/9.3.1/../../../../arm-none-eabi/lib/thumb/v7-m/nofp\libc_nano.a(lib_a-nano-svfprintf.o)
 .debug_frame   0x00000000000035e8       0x60 d:/programs/stm32/stm32cubeide_1.7.0/stm32cubeide/plugins/com.st.stm32cube.ide.mcu.externaltools.gnu-tools-for-stm32.9-2020-q2-update.win32_2.0.0.202105311346/tools/bin/../lib/gcc/arm-none-eabi/9.3.1/../../../../arm-none-eabi/lib/thumb/v7-m/nofp\libc_nano.a(lib_a-nano-vfprintf_i.o)
 .debug_frame   0x0000000000003648       0x28 d:/programs/stm32/stm32cubeide_1.7.0/stm32cubeide/plugins/com.st.stm32cube.ide.mcu.externaltools.gnu-tools-for-stm32.9-2020-q2-update.win32_2.0.0.202105311346/tools/bin/../lib/gcc/arm-none-eabi/9.3.1/../../../../arm-none-eabi/lib/thumb/v7-m/nofp\libc_nano.a(lib_a-memchr-stub.o)